<?xml version="1.0" encoding="ISO-8859-1" ?>
<link_info>
   <banner>TI ARM Clang Linker PC v3.2.0.LTS</banner>
   <copyright>Copyright (c) 1996-2018 Texas Instruments Incorporated</copyright>
   <link_time>0x65d6ff5b</link_time>
   <link_errors>0x0</link_errors>
   <output_file>C:\Users\jcven\workspace_v12\gpiointerrupt_CC3220S_LAUNCHXL_nortos_ticlang\MCU+Image\gpiointerrupt_CC3220S_LAUNCHXL_nortos_ticlang.out</output_file>
   <entry_point>
      <name>resetISR</name>
      <address>0x20011461</address>
   </entry_point>
   <input_file_list>
      <input_file id="fl-1">
         <path>C:\Users\jcven\workspace_v12\gpiointerrupt_CC3220S_LAUNCHXL_nortos_ticlang\MCU+Image\.\</path>
         <kind>object</kind>
         <file>gpiointerrupt.o</file>
         <name>gpiointerrupt.o</name>
      </input_file>
      <input_file id="fl-2">
         <path>C:\Users\jcven\workspace_v12\gpiointerrupt_CC3220S_LAUNCHXL_nortos_ticlang\MCU+Image\.\syscfg\</path>
         <kind>object</kind>
         <file>ti_drivers_config.o</file>
         <name>ti_drivers_config.o</name>
      </input_file>
      <input_file id="fl-3">
         <path>C:\Users\jcven\workspace_v12\gpiointerrupt_CC3220S_LAUNCHXL_nortos_ticlang\MCU+Image\.\</path>
         <kind>object</kind>
         <file>main_nortos.o</file>
         <name>main_nortos.o</name>
      </input_file>
      <input_file id="fl-13">
         <path>C:\Users\jcven\workspace_v12\gpiointerrupt_CC3220S_LAUNCHXL_nortos_ticlang\MCU+Image\</path>
         <kind>object</kind>
         <file>&lt;internal&gt;</file>
         <name>&lt;internal&gt;</name>
      </input_file>
      <input_file id="fl-14">
         <path>C:\ti\simplelink_cc32xx_sdk_7_10_00_13\source\ti\drivers\lib\ticlang\m4\</path>
         <kind>archive</kind>
         <file>drivers_cc32xx.a</file>
         <name>GPIO.c.obj</name>
      </input_file>
      <input_file id="fl-15">
         <path>C:\ti\simplelink_cc32xx_sdk_7_10_00_13\source\ti\drivers\lib\ticlang\m4\</path>
         <kind>archive</kind>
         <file>drivers_cc32xx.a</file>
         <name>GPIOCC32XX.c.obj</name>
      </input_file>
      <input_file id="fl-16">
         <path>C:\ti\simplelink_cc32xx_sdk_7_10_00_13\source\ti\drivers\lib\ticlang\m4\</path>
         <kind>archive</kind>
         <file>drivers_cc32xx.a</file>
         <name>I2C.c.obj</name>
      </input_file>
      <input_file id="fl-17">
         <path>C:\ti\simplelink_cc32xx_sdk_7_10_00_13\source\ti\drivers\lib\ticlang\m4\</path>
         <kind>archive</kind>
         <file>drivers_cc32xx.a</file>
         <name>I2CCC32XX.c.obj</name>
      </input_file>
      <input_file id="fl-18">
         <path>C:\ti\simplelink_cc32xx_sdk_7_10_00_13\source\ti\drivers\lib\ticlang\m4\</path>
         <kind>archive</kind>
         <file>drivers_cc32xx.a</file>
         <name>PowerCC32XX.c.obj</name>
      </input_file>
      <input_file id="fl-19">
         <path>C:\ti\simplelink_cc32xx_sdk_7_10_00_13\source\ti\drivers\lib\ticlang\m4\</path>
         <kind>archive</kind>
         <file>drivers_cc32xx.a</file>
         <name>PowerCC32XX_ticlang.asm.obj</name>
      </input_file>
      <input_file id="fl-1a">
         <path>C:\ti\simplelink_cc32xx_sdk_7_10_00_13\source\ti\drivers\lib\ticlang\m4\</path>
         <kind>archive</kind>
         <file>drivers_cc32xx.a</file>
         <name>Timer.c.obj</name>
      </input_file>
      <input_file id="fl-1b">
         <path>C:\ti\simplelink_cc32xx_sdk_7_10_00_13\source\ti\drivers\lib\ticlang\m4\</path>
         <kind>archive</kind>
         <file>drivers_cc32xx.a</file>
         <name>TimerCC32XX.c.obj</name>
      </input_file>
      <input_file id="fl-1c">
         <path>C:\ti\simplelink_cc32xx_sdk_7_10_00_13\source\ti\drivers\lib\ticlang\m4\</path>
         <kind>archive</kind>
         <file>drivers_cc32xx.a</file>
         <name>UART2.c.obj</name>
      </input_file>
      <input_file id="fl-1d">
         <path>C:\ti\simplelink_cc32xx_sdk_7_10_00_13\source\ti\drivers\lib\ticlang\m4\</path>
         <kind>archive</kind>
         <file>drivers_cc32xx.a</file>
         <name>UART2CC32XX.c.obj</name>
      </input_file>
      <input_file id="fl-1e">
         <path>C:\ti\simplelink_cc32xx_sdk_7_10_00_13\source\ti\drivers\lib\ticlang\m4\</path>
         <kind>archive</kind>
         <file>drivers_cc32xx.a</file>
         <name>List.c.obj</name>
      </input_file>
      <input_file id="fl-1f">
         <path>C:\ti\simplelink_cc32xx_sdk_7_10_00_13\source\ti\drivers\lib\ticlang\m4\</path>
         <kind>archive</kind>
         <file>drivers_cc32xx.a</file>
         <name>RingBuf.c.obj</name>
      </input_file>
      <input_file id="fl-20">
         <path>C:\ti\simplelink_cc32xx_sdk_7_10_00_13\source\ti\drivers\lib\ticlang\m4\</path>
         <kind>archive</kind>
         <file>drivers_cc32xx.a</file>
         <name>UDMACC32XX.c.obj</name>
      </input_file>
      <input_file id="fl-21">
         <path>C:\ti\simplelink_cc32xx_sdk_7_10_00_13\kernel\nortos\lib\ticlang\m4\</path>
         <kind>archive</kind>
         <file>nortos_cc32xx.a</file>
         <name>NoRTOS.c.obj</name>
      </input_file>
      <input_file id="fl-22">
         <path>C:\ti\simplelink_cc32xx_sdk_7_10_00_13\kernel\nortos\lib\ticlang\m4\</path>
         <kind>archive</kind>
         <file>nortos_cc32xx.a</file>
         <name>SemaphoreP_nortos.c.obj</name>
      </input_file>
      <input_file id="fl-23">
         <path>C:\ti\simplelink_cc32xx_sdk_7_10_00_13\kernel\nortos\lib\ticlang\m4\</path>
         <kind>archive</kind>
         <file>nortos_cc32xx.a</file>
         <name>ClockPSysTick_nortos.c.obj</name>
      </input_file>
      <input_file id="fl-24">
         <path>C:\ti\simplelink_cc32xx_sdk_7_10_00_13\kernel\nortos\lib\ticlang\m4\</path>
         <kind>archive</kind>
         <file>nortos_cc32xx.a</file>
         <name>HwiPCC32XX_nortos.c.obj</name>
      </input_file>
      <input_file id="fl-25">
         <path>C:\ti\simplelink_cc32xx_sdk_7_10_00_13\kernel\nortos\lib\ticlang\m4\</path>
         <kind>archive</kind>
         <file>nortos_cc32xx.a</file>
         <name>PowerCC32XX_nortos.c.obj</name>
      </input_file>
      <input_file id="fl-26">
         <path>C:\ti\simplelink_cc32xx_sdk_7_10_00_13\kernel\nortos\lib\ticlang\m4\</path>
         <kind>archive</kind>
         <file>nortos_cc32xx.a</file>
         <name>startup_cc32xx_ticlang.c.obj</name>
      </input_file>
      <input_file id="fl-27">
         <path>C:\ti\simplelink_cc32xx_sdk_7_10_00_13\kernel\nortos\lib\ticlang\m4\</path>
         <kind>archive</kind>
         <file>nortos_cc32xx.a</file>
         <name>SwiP_nortos.c.obj</name>
      </input_file>
      <input_file id="fl-28">
         <path>C:\ti\simplelink_cc32xx_sdk_7_10_00_13\source\ti\devices\cc32xx\driverlib\ticlang\Release\</path>
         <kind>archive</kind>
         <file>driverlib.a</file>
         <name>cpu.obj</name>
      </input_file>
      <input_file id="fl-29">
         <path>C:\ti\simplelink_cc32xx_sdk_7_10_00_13\source\ti\devices\cc32xx\driverlib\ticlang\Release\</path>
         <kind>archive</kind>
         <file>driverlib.a</file>
         <name>gpio.obj</name>
      </input_file>
      <input_file id="fl-2a">
         <path>C:\ti\simplelink_cc32xx_sdk_7_10_00_13\source\ti\devices\cc32xx\driverlib\ticlang\Release\</path>
         <kind>archive</kind>
         <file>driverlib.a</file>
         <name>hwspinlock.obj</name>
      </input_file>
      <input_file id="fl-2b">
         <path>C:\ti\simplelink_cc32xx_sdk_7_10_00_13\source\ti\devices\cc32xx\driverlib\ticlang\Release\</path>
         <kind>archive</kind>
         <file>driverlib.a</file>
         <name>i2c.obj</name>
      </input_file>
      <input_file id="fl-2c">
         <path>C:\ti\simplelink_cc32xx_sdk_7_10_00_13\source\ti\devices\cc32xx\driverlib\ticlang\Release\</path>
         <kind>archive</kind>
         <file>driverlib.a</file>
         <name>interrupt.obj</name>
      </input_file>
      <input_file id="fl-2d">
         <path>C:\ti\simplelink_cc32xx_sdk_7_10_00_13\source\ti\devices\cc32xx\driverlib\ticlang\Release\</path>
         <kind>archive</kind>
         <file>driverlib.a</file>
         <name>pin.obj</name>
      </input_file>
      <input_file id="fl-2e">
         <path>C:\ti\simplelink_cc32xx_sdk_7_10_00_13\source\ti\devices\cc32xx\driverlib\ticlang\Release\</path>
         <kind>archive</kind>
         <file>driverlib.a</file>
         <name>prcm.obj</name>
      </input_file>
      <input_file id="fl-2f">
         <path>C:\ti\simplelink_cc32xx_sdk_7_10_00_13\source\ti\devices\cc32xx\driverlib\ticlang\Release\</path>
         <kind>archive</kind>
         <file>driverlib.a</file>
         <name>spi.obj</name>
      </input_file>
      <input_file id="fl-30">
         <path>C:\ti\simplelink_cc32xx_sdk_7_10_00_13\source\ti\devices\cc32xx\driverlib\ticlang\Release\</path>
         <kind>archive</kind>
         <file>driverlib.a</file>
         <name>systick.obj</name>
      </input_file>
      <input_file id="fl-31">
         <path>C:\ti\simplelink_cc32xx_sdk_7_10_00_13\source\ti\devices\cc32xx\driverlib\ticlang\Release\</path>
         <kind>archive</kind>
         <file>driverlib.a</file>
         <name>timer.obj</name>
      </input_file>
      <input_file id="fl-32">
         <path>C:\ti\simplelink_cc32xx_sdk_7_10_00_13\source\ti\devices\cc32xx\driverlib\ticlang\Release\</path>
         <kind>archive</kind>
         <file>driverlib.a</file>
         <name>uart.obj</name>
      </input_file>
      <input_file id="fl-33">
         <path>C:\ti\simplelink_cc32xx_sdk_7_10_00_13\source\ti\devices\cc32xx\driverlib\ticlang\Release\</path>
         <kind>archive</kind>
         <file>driverlib.a</file>
         <name>udma.obj</name>
      </input_file>
      <input_file id="fl-34">
         <path>C:\ti\simplelink_cc32xx_sdk_7_10_00_13\source\ti\devices\cc32xx\driverlib\ticlang\Release\</path>
         <kind>archive</kind>
         <file>driverlib.a</file>
         <name>utils.obj</name>
      </input_file>
      <input_file id="fl-35">
         <path>C:\ti\simplelink_cc32xx_sdk_7_10_00_13\source\ti\devices\cc32xx\driverlib\ticlang\Release\</path>
         <kind>archive</kind>
         <file>driverlib.a</file>
         <name>flash.obj</name>
      </input_file>
      <input_file id="fl-42">
         <path>C:\ti\ccs1250\ccs\tools\compiler\ti-cgt-armllvm_3.2.0.LTS\lib\armv7em-ti-none-eabi\c\</path>
         <kind>archive</kind>
         <file>libc.a</file>
         <name>snprintf.c.obj</name>
      </input_file>
      <input_file id="fl-43">
         <path>C:\ti\ccs1250\ccs\tools\compiler\ti-cgt-armllvm_3.2.0.LTS\lib\armv7em-ti-none-eabi\c\</path>
         <kind>archive</kind>
         <file>libc.a</file>
         <name>memory.c.obj</name>
      </input_file>
      <input_file id="fl-44">
         <path>C:\ti\ccs1250\ccs\tools\compiler\ti-cgt-armllvm_3.2.0.LTS\lib\armv7em-ti-none-eabi\c\</path>
         <kind>archive</kind>
         <file>libc.a</file>
         <name>boot_cortex_m.c.obj</name>
      </input_file>
      <input_file id="fl-45">
         <path>C:\ti\ccs1250\ccs\tools\compiler\ti-cgt-armllvm_3.2.0.LTS\lib\armv7em-ti-none-eabi\c\</path>
         <kind>archive</kind>
         <file>libc.a</file>
         <name>mathacl_init.c.obj</name>
      </input_file>
      <input_file id="fl-46">
         <path>C:\ti\ccs1250\ccs\tools\compiler\ti-cgt-armllvm_3.2.0.LTS\lib\armv7em-ti-none-eabi\c\</path>
         <kind>archive</kind>
         <file>libc.a</file>
         <name>autoinit.c.obj</name>
      </input_file>
      <input_file id="fl-47">
         <path>C:\ti\ccs1250\ccs\tools\compiler\ti-cgt-armllvm_3.2.0.LTS\lib\armv7em-ti-none-eabi\c\</path>
         <kind>archive</kind>
         <file>libc.a</file>
         <name>pre_init.c.obj</name>
      </input_file>
      <input_file id="fl-48">
         <path>C:\ti\ccs1250\ccs\tools\compiler\ti-cgt-armllvm_3.2.0.LTS\lib\armv7em-ti-none-eabi\c\</path>
         <kind>archive</kind>
         <file>libc.a</file>
         <name>cpy_tbl.c.obj</name>
      </input_file>
      <input_file id="fl-49">
         <path>C:\ti\ccs1250\ccs\tools\compiler\ti-cgt-armllvm_3.2.0.LTS\lib\armv7em-ti-none-eabi\c\</path>
         <kind>archive</kind>
         <file>libc.a</file>
         <name>copy_zero_init.c.obj</name>
      </input_file>
      <input_file id="fl-4a">
         <path>C:\ti\ccs1250\ccs\tools\compiler\ti-cgt-armllvm_3.2.0.LTS\lib\armv7em-ti-none-eabi\c\</path>
         <kind>archive</kind>
         <file>libc.a</file>
         <name>copy_decompress_none.c.obj</name>
      </input_file>
      <input_file id="fl-4b">
         <path>C:\ti\ccs1250\ccs\tools\compiler\ti-cgt-armllvm_3.2.0.LTS\lib\armv7em-ti-none-eabi\c\</path>
         <kind>archive</kind>
         <file>libc.a</file>
         <name>copy_decompress_lzss.c.obj</name>
      </input_file>
      <input_file id="fl-4c">
         <path>C:\ti\ccs1250\ccs\tools\compiler\ti-cgt-armllvm_3.2.0.LTS\lib\armv7em-ti-none-eabi\c\</path>
         <kind>archive</kind>
         <file>libc.a</file>
         <name>_printfi.c.obj</name>
      </input_file>
      <input_file id="fl-4d">
         <path>C:\ti\ccs1250\ccs\tools\compiler\ti-cgt-armllvm_3.2.0.LTS\lib\armv7em-ti-none-eabi\c\</path>
         <kind>archive</kind>
         <file>libc.a</file>
         <name>wcslen.c.obj</name>
      </input_file>
      <input_file id="fl-4e">
         <path>C:\ti\ccs1250\ccs\tools\compiler\ti-cgt-armllvm_3.2.0.LTS\lib\armv7em-ti-none-eabi\c\</path>
         <kind>archive</kind>
         <file>libc.a</file>
         <name>aeabi_portable.c.obj</name>
      </input_file>
      <input_file id="fl-4f">
         <path>C:\ti\ccs1250\ccs\tools\compiler\ti-cgt-armllvm_3.2.0.LTS\lib\armv7em-ti-none-eabi\c\</path>
         <kind>archive</kind>
         <file>libc.a</file>
         <name>exit.c.obj</name>
      </input_file>
      <input_file id="fl-50">
         <path>C:\ti\ccs1250\ccs\tools\compiler\ti-cgt-armllvm_3.2.0.LTS\lib\armv7em-ti-none-eabi\c\</path>
         <kind>archive</kind>
         <file>libc.a</file>
         <name>_lock.c.obj</name>
      </input_file>
      <input_file id="fl-51">
         <path>C:\ti\ccs1250\ccs\tools\compiler\ti-cgt-armllvm_3.2.0.LTS\lib\armv7em-ti-none-eabi\c\</path>
         <kind>archive</kind>
         <file>libc.a</file>
         <name>_ltoa.c.obj</name>
      </input_file>
      <input_file id="fl-52">
         <path>C:\ti\ccs1250\ccs\tools\compiler\ti-cgt-armllvm_3.2.0.LTS\lib\armv7em-ti-none-eabi\c\</path>
         <kind>archive</kind>
         <file>libc.a</file>
         <name>args_main.c.obj</name>
      </input_file>
      <input_file id="fl-53">
         <path>C:\ti\ccs1250\ccs\tools\compiler\ti-cgt-armllvm_3.2.0.LTS\lib\armv7em-ti-none-eabi\c\</path>
         <kind>archive</kind>
         <file>libc.a</file>
         <name>assert.c.obj</name>
      </input_file>
      <input_file id="fl-54">
         <path>C:\ti\ccs1250\ccs\tools\compiler\ti-cgt-armllvm_3.2.0.LTS\lib\armv7em-ti-none-eabi\c\</path>
         <kind>archive</kind>
         <file>libc.a</file>
         <name>atoi.c.obj</name>
      </input_file>
      <input_file id="fl-55">
         <path>C:\ti\ccs1250\ccs\tools\compiler\ti-cgt-armllvm_3.2.0.LTS\lib\armv7em-ti-none-eabi\c\</path>
         <kind>archive</kind>
         <file>libc.a</file>
         <name>defs.c.obj</name>
      </input_file>
      <input_file id="fl-56">
         <path>C:\ti\ccs1250\ccs\tools\compiler\ti-cgt-armllvm_3.2.0.LTS\lib\armv7em-ti-none-eabi\c\</path>
         <kind>archive</kind>
         <file>libc.a</file>
         <name>memccpy.c.obj</name>
      </input_file>
      <input_file id="fl-57">
         <path>C:\ti\ccs1250\ccs\tools\compiler\ti-cgt-armllvm_3.2.0.LTS\lib\armv7em-ti-none-eabi\c\</path>
         <kind>archive</kind>
         <file>libc.a</file>
         <name>s_frexp.c.obj</name>
      </input_file>
      <input_file id="fl-58">
         <path>C:\ti\ccs1250\ccs\tools\compiler\ti-cgt-armllvm_3.2.0.LTS\lib\armv7em-ti-none-eabi\c\</path>
         <kind>archive</kind>
         <file>libc.a</file>
         <name>s_scalbn.c.obj</name>
      </input_file>
      <input_file id="fl-59">
         <path>C:\ti\ccs1250\ccs\tools\compiler\ti-cgt-armllvm_3.2.0.LTS\lib\armv7em-ti-none-eabi\c\</path>
         <kind>archive</kind>
         <file>libc.a</file>
         <name>sprintf.c.obj</name>
      </input_file>
      <input_file id="fl-5a">
         <path>C:\ti\ccs1250\ccs\tools\compiler\ti-cgt-armllvm_3.2.0.LTS\lib\armv7em-ti-none-eabi\c\</path>
         <kind>archive</kind>
         <file>libc.a</file>
         <name>fflush.c.obj</name>
      </input_file>
      <input_file id="fl-5b">
         <path>C:\ti\ccs1250\ccs\tools\compiler\ti-cgt-armllvm_3.2.0.LTS\lib\armv7em-ti-none-eabi\c\</path>
         <kind>archive</kind>
         <file>libc.a</file>
         <name>fputs.c.obj</name>
      </input_file>
      <input_file id="fl-5c">
         <path>C:\ti\ccs1250\ccs\tools\compiler\ti-cgt-armllvm_3.2.0.LTS\lib\armv7em-ti-none-eabi\c\</path>
         <kind>archive</kind>
         <file>libc.a</file>
         <name>_io_perm.c.obj</name>
      </input_file>
      <input_file id="fl-5d">
         <path>C:\ti\ccs1250\ccs\tools\compiler\ti-cgt-armllvm_3.2.0.LTS\lib\armv7em-ti-none-eabi\c\</path>
         <kind>archive</kind>
         <file>libc.a</file>
         <name>setvbuf.c.obj</name>
      </input_file>
      <input_file id="fl-5e">
         <path>C:\ti\ccs1250\ccs\tools\compiler\ti-cgt-armllvm_3.2.0.LTS\lib\armv7em-ti-none-eabi\c\</path>
         <kind>archive</kind>
         <file>libc.a</file>
         <name>aeabi_ctype.S.obj</name>
      </input_file>
      <input_file id="fl-5f">
         <path>C:\ti\ccs1250\ccs\tools\compiler\ti-cgt-armllvm_3.2.0.LTS\lib\armv7em-ti-none-eabi\c\</path>
         <kind>archive</kind>
         <file>libc.a</file>
         <name>fopen.c.obj</name>
      </input_file>
      <input_file id="fl-60">
         <path>C:\ti\ccs1250\ccs\tools\compiler\ti-cgt-armllvm_3.2.0.LTS\lib\armv7em-ti-none-eabi\c\</path>
         <kind>archive</kind>
         <file>libc.a</file>
         <name>fseek.c.obj</name>
      </input_file>
      <input_file id="fl-61">
         <path>C:\ti\ccs1250\ccs\tools\compiler\ti-cgt-armllvm_3.2.0.LTS\lib\armv7em-ti-none-eabi\c\</path>
         <kind>archive</kind>
         <file>libc.a</file>
         <name>fclose.c.obj</name>
      </input_file>
      <input_file id="fl-c5">
         <path>C:\ti\ccs1250\ccs\tools\compiler\ti-cgt-armllvm_3.2.0.LTS\lib\armv7em-ti-none-eabi\c\</path>
         <kind>archive</kind>
         <file>libsysbm.a</file>
         <name>write.c.obj</name>
      </input_file>
      <input_file id="fl-c6">
         <path>C:\ti\ccs1250\ccs\tools\compiler\ti-cgt-armllvm_3.2.0.LTS\lib\armv7em-ti-none-eabi\c\</path>
         <kind>archive</kind>
         <file>libsysbm.a</file>
         <name>host_device.c.obj</name>
      </input_file>
      <input_file id="fl-c7">
         <path>C:\ti\ccs1250\ccs\tools\compiler\ti-cgt-armllvm_3.2.0.LTS\lib\armv7em-ti-none-eabi\c\</path>
         <kind>archive</kind>
         <file>libsysbm.a</file>
         <name>remove.c.obj</name>
      </input_file>
      <input_file id="fl-c8">
         <path>C:\ti\ccs1250\ccs\tools\compiler\ti-cgt-armllvm_3.2.0.LTS\lib\armv7em-ti-none-eabi\c\</path>
         <kind>archive</kind>
         <file>libsysbm.a</file>
         <name>open.c.obj</name>
      </input_file>
      <input_file id="fl-c9">
         <path>C:\ti\ccs1250\ccs\tools\compiler\ti-cgt-armllvm_3.2.0.LTS\lib\armv7em-ti-none-eabi\c\</path>
         <kind>archive</kind>
         <file>libsysbm.a</file>
         <name>lseek.c.obj</name>
      </input_file>
      <input_file id="fl-ca">
         <path>C:\ti\ccs1250\ccs\tools\compiler\ti-cgt-armllvm_3.2.0.LTS\lib\armv7em-ti-none-eabi\c\</path>
         <kind>archive</kind>
         <file>libsysbm.a</file>
         <name>close.c.obj</name>
      </input_file>
      <input_file id="fl-cb">
         <path>C:\ti\ccs1250\ccs\tools\compiler\ti-cgt-armllvm_3.2.0.LTS\lib\armv7em-ti-none-eabi\c\</path>
         <kind>archive</kind>
         <file>libsysbm.a</file>
         <name>unlink.c.obj</name>
      </input_file>
      <input_file id="fl-cc">
         <path>C:\ti\ccs1250\ccs\tools\compiler\ti-cgt-armllvm_3.2.0.LTS\lib\armv7em-ti-none-eabi\c\</path>
         <kind>archive</kind>
         <file>libsysbm.a</file>
         <name>hostclose.c.obj</name>
      </input_file>
      <input_file id="fl-cd">
         <path>C:\ti\ccs1250\ccs\tools\compiler\ti-cgt-armllvm_3.2.0.LTS\lib\armv7em-ti-none-eabi\c\</path>
         <kind>archive</kind>
         <file>libsysbm.a</file>
         <name>hostlseek.c.obj</name>
      </input_file>
      <input_file id="fl-ce">
         <path>C:\ti\ccs1250\ccs\tools\compiler\ti-cgt-armllvm_3.2.0.LTS\lib\armv7em-ti-none-eabi\c\</path>
         <kind>archive</kind>
         <file>libsysbm.a</file>
         <name>hostopen.c.obj</name>
      </input_file>
      <input_file id="fl-cf">
         <path>C:\ti\ccs1250\ccs\tools\compiler\ti-cgt-armllvm_3.2.0.LTS\lib\armv7em-ti-none-eabi\c\</path>
         <kind>archive</kind>
         <file>libsysbm.a</file>
         <name>hostread.c.obj</name>
      </input_file>
      <input_file id="fl-d0">
         <path>C:\ti\ccs1250\ccs\tools\compiler\ti-cgt-armllvm_3.2.0.LTS\lib\armv7em-ti-none-eabi\c\</path>
         <kind>archive</kind>
         <file>libsysbm.a</file>
         <name>hostrename.c.obj</name>
      </input_file>
      <input_file id="fl-d1">
         <path>C:\ti\ccs1250\ccs\tools\compiler\ti-cgt-armllvm_3.2.0.LTS\lib\armv7em-ti-none-eabi\c\</path>
         <kind>archive</kind>
         <file>libsysbm.a</file>
         <name>hostunlink.c.obj</name>
      </input_file>
      <input_file id="fl-d2">
         <path>C:\ti\ccs1250\ccs\tools\compiler\ti-cgt-armllvm_3.2.0.LTS\lib\armv7em-ti-none-eabi\c\</path>
         <kind>archive</kind>
         <file>libsysbm.a</file>
         <name>hostwrite.c.obj</name>
      </input_file>
      <input_file id="fl-d3">
         <path>C:\ti\ccs1250\ccs\tools\compiler\ti-cgt-armllvm_3.2.0.LTS\lib\armv7em-ti-none-eabi\c\</path>
         <kind>archive</kind>
         <file>libsysbm.a</file>
         <name>trgmsg.c.obj</name>
      </input_file>
      <input_file id="fl-d4">
         <path>C:\ti\ccs1250\ccs\tools\compiler\ti-cgt-armllvm_3.2.0.LTS\lib\clang\15.0.7\lib\armv7em-ti-none-eabi\</path>
         <kind>archive</kind>
         <file>libclang_rt.builtins.a</file>
         <name>adddf3.S.obj</name>
      </input_file>
      <input_file id="fl-d5">
         <path>C:\ti\ccs1250\ccs\tools\compiler\ti-cgt-armllvm_3.2.0.LTS\lib\clang\15.0.7\lib\armv7em-ti-none-eabi\</path>
         <kind>archive</kind>
         <file>libclang_rt.builtins.a</file>
         <name>muldf3.S.obj</name>
      </input_file>
      <input_file id="fl-d6">
         <path>C:\ti\ccs1250\ccs\tools\compiler\ti-cgt-armllvm_3.2.0.LTS\lib\clang\15.0.7\lib\armv7em-ti-none-eabi\</path>
         <kind>archive</kind>
         <file>libclang_rt.builtins.a</file>
         <name>divdf3.S.obj</name>
      </input_file>
      <input_file id="fl-d7">
         <path>C:\ti\ccs1250\ccs\tools\compiler\ti-cgt-armllvm_3.2.0.LTS\lib\clang\15.0.7\lib\armv7em-ti-none-eabi\</path>
         <kind>archive</kind>
         <file>libclang_rt.builtins.a</file>
         <name>fixdfsi.S.obj</name>
      </input_file>
      <input_file id="fl-d8">
         <path>C:\ti\ccs1250\ccs\tools\compiler\ti-cgt-armllvm_3.2.0.LTS\lib\clang\15.0.7\lib\armv7em-ti-none-eabi\</path>
         <kind>archive</kind>
         <file>libclang_rt.builtins.a</file>
         <name>floatsidf.S.obj</name>
      </input_file>
      <input_file id="fl-d9">
         <path>C:\ti\ccs1250\ccs\tools\compiler\ti-cgt-armllvm_3.2.0.LTS\lib\clang\15.0.7\lib\armv7em-ti-none-eabi\</path>
         <kind>archive</kind>
         <file>libclang_rt.builtins.a</file>
         <name>aeabi_dcmp.S.obj</name>
      </input_file>
      <input_file id="fl-da">
         <path>C:\ti\ccs1250\ccs\tools\compiler\ti-cgt-armllvm_3.2.0.LTS\lib\clang\15.0.7\lib\armv7em-ti-none-eabi\</path>
         <kind>archive</kind>
         <file>libclang_rt.builtins.a</file>
         <name>aeabi_memcpy.S.obj</name>
      </input_file>
      <input_file id="fl-db">
         <path>C:\ti\ccs1250\ccs\tools\compiler\ti-cgt-armllvm_3.2.0.LTS\lib\clang\15.0.7\lib\armv7em-ti-none-eabi\</path>
         <kind>archive</kind>
         <file>libclang_rt.builtins.a</file>
         <name>aeabi_memset.S.obj</name>
      </input_file>
      <input_file id="fl-dc">
         <path>C:\ti\ccs1250\ccs\tools\compiler\ti-cgt-armllvm_3.2.0.LTS\lib\clang\15.0.7\lib\armv7em-ti-none-eabi\</path>
         <kind>archive</kind>
         <file>libclang_rt.builtins.a</file>
         <name>aeabi_uldivmod.S.obj</name>
      </input_file>
      <input_file id="fl-dd">
         <path>C:\ti\ccs1250\ccs\tools\compiler\ti-cgt-armllvm_3.2.0.LTS\lib\clang\15.0.7\lib\armv7em-ti-none-eabi\</path>
         <kind>archive</kind>
         <file>libclang_rt.builtins.a</file>
         <name>udivmoddi4.S.obj</name>
      </input_file>
      <input_file id="fl-de">
         <path>C:\ti\ccs1250\ccs\tools\compiler\ti-cgt-armllvm_3.2.0.LTS\lib\clang\15.0.7\lib\armv7em-ti-none-eabi\</path>
         <kind>archive</kind>
         <file>libclang_rt.builtins.a</file>
         <name>comparedf2.c.obj</name>
      </input_file>
      <input_file id="fl-df">
         <path>C:\ti\ccs1250\ccs\tools\compiler\ti-cgt-armllvm_3.2.0.LTS\lib\clang\15.0.7\lib\armv7em-ti-none-eabi\</path>
         <kind>archive</kind>
         <file>libclang_rt.builtins.a</file>
         <name>aeabi_div0.c.obj</name>
      </input_file>
      <input_file id="fl-e0">
         <path>C:\ti\ccs1250\ccs\tools\compiler\ti-cgt-armllvm_3.2.0.LTS\lib\armv7em-ti-none-eabi\c\</path>
         <kind>archive</kind>
         <file>libc.a</file>
         <name>getdevice.c.obj</name>
      </input_file>
      <input_file id="fl-e1">
         <path>C:\ti\ccs1250\ccs\tools\compiler\ti-cgt-armllvm_3.2.0.LTS\lib\armv7em-ti-none-eabi\c\</path>
         <kind>archive</kind>
         <file>libc.a</file>
         <name>strcmp_t2.S.obj</name>
      </input_file>
      <input_file id="fl-e2">
         <path>C:\ti\ccs1250\ccs\tools\compiler\ti-cgt-armllvm_3.2.0.LTS\lib\armv7em-ti-none-eabi\c\</path>
         <kind>archive</kind>
         <file>libc.a</file>
         <name>memcpy_t2.S.obj</name>
      </input_file>
      <input_file id="fl-e3">
         <path>C:\ti\ccs1250\ccs\tools\compiler\ti-cgt-armllvm_3.2.0.LTS\lib\armv7em-ti-none-eabi\c\</path>
         <kind>archive</kind>
         <file>libc.a</file>
         <name>memset_t2.S.obj</name>
      </input_file>
   </input_file_list>
   <object_component_list>
      <object_component id="oc-29b">
         <name>.text:__TI_printfi_nofloat</name>
         <load_address>0x2000c040</load_address>
         <readonly>true</readonly>
         <executable>true</executable>
         <run_address>0x2000c040</run_address>
         <size>0x86c</size>
         <alignment>0x4</alignment>
         <input_file_ref idref="fl-4c"/>
      </object_component>
      <object_component id="oc-d2">
         <name>.text.PRCMCC3200MCUInit</name>
         <load_address>0x2000c8ac</load_address>
         <readonly>true</readonly>
         <executable>true</executable>
         <run_address>0x2000c8ac</run_address>
         <size>0x4b8</size>
         <alignment>0x2</alignment>
         <input_file_ref idref="fl-2e"/>
      </object_component>
      <object_component id="oc-22b">
         <name>.text.Power_sleep</name>
         <load_address>0x2000cd64</load_address>
         <readonly>true</readonly>
         <executable>true</executable>
         <run_address>0x2000cd64</run_address>
         <size>0x3e4</size>
         <alignment>0x4</alignment>
         <input_file_ref idref="fl-18"/>
      </object_component>
      <object_component id="oc-1df">
         <name>.text.UART2CC32XX_hwiIntFxn</name>
         <load_address>0x2000d148</load_address>
         <readonly>true</readonly>
         <executable>true</executable>
         <run_address>0x2000d148</run_address>
         <size>0x222</size>
         <alignment>0x2</alignment>
         <input_file_ref idref="fl-1d"/>
      </object_component>
      <object_component id="oc-e2">
         <name>.text.Board_initHook</name>
         <load_address>0x2000d36a</load_address>
         <readonly>true</readonly>
         <executable>true</executable>
         <run_address>0x2000d36a</run_address>
         <size>0x2</size>
         <alignment>0x2</alignment>
         <input_file_ref idref="fl-2"/>
      </object_component>
      <object_component id="oc-136">
         <name>.text.UART2_open</name>
         <load_address>0x2000d36c</load_address>
         <readonly>true</readonly>
         <executable>true</executable>
         <run_address>0x2000d36c</run_address>
         <size>0x1cc</size>
         <alignment>0x4</alignment>
         <input_file_ref idref="fl-1d"/>
      </object_component>
      <object_component id="oc-ee">
         <name>.text.initI2C</name>
         <load_address>0x2000d538</load_address>
         <readonly>true</readonly>
         <executable>true</executable>
         <run_address>0x2000d538</run_address>
         <size>0x178</size>
         <alignment>0x4</alignment>
         <input_file_ref idref="fl-1"/>
      </object_component>
      <object_component id="oc-281">
         <name>.text.UART2_writeTimeoutBlocking</name>
         <load_address>0x2000d6b0</load_address>
         <readonly>true</readonly>
         <executable>true</executable>
         <run_address>0x2000d6b0</run_address>
         <size>0x174</size>
         <alignment>0x2</alignment>
         <input_file_ref idref="fl-1c"/>
      </object_component>
      <object_component id="oc-197">
         <name>.text.PowerCC32XX_sleepPolicy</name>
         <load_address>0x2000d824</load_address>
         <readonly>true</readonly>
         <executable>true</executable>
         <run_address>0x2000d824</run_address>
         <size>0x150</size>
         <alignment>0x4</alignment>
         <input_file_ref idref="fl-25"/>
      </object_component>
      <object_component id="oc-171">
         <name>.text.Timer_open</name>
         <load_address>0x2000d974</load_address>
         <readonly>true</readonly>
         <executable>true</executable>
         <run_address>0x2000d974</run_address>
         <size>0x148</size>
         <alignment>0x4</alignment>
         <input_file_ref idref="fl-1b"/>
      </object_component>
      <object_component id="oc-123">
         <name>.text.GPIO_setConfig</name>
         <load_address>0x2000dabc</load_address>
         <readonly>true</readonly>
         <executable>true</executable>
         <run_address>0x2000dabc</run_address>
         <size>0x140</size>
         <alignment>0x4</alignment>
         <input_file_ref idref="fl-15"/>
      </object_component>
      <object_component id="oc-1f0">
         <name>.text.I2CCC32XX_hwiFxn</name>
         <load_address>0x2000dbfc</load_address>
         <readonly>true</readonly>
         <executable>true</executable>
         <run_address>0x2000dbfc</run_address>
         <size>0x138</size>
         <alignment>0x2</alignment>
         <input_file_ref idref="fl-17"/>
      </object_component>
      <object_component id="oc-1f9">
         <name>.text.I2C_transferTimeout</name>
         <load_address>0x2000dd34</load_address>
         <readonly>true</readonly>
         <executable>true</executable>
         <run_address>0x2000dd34</run_address>
         <size>0x126</size>
         <alignment>0x2</alignment>
         <input_file_ref idref="fl-16"/>
      </object_component>
      <object_component id="oc-13f">
         <name>.text.I2C_init</name>
         <load_address>0x2000de5a</load_address>
         <readonly>true</readonly>
         <executable>true</executable>
         <run_address>0x2000de5a</run_address>
         <size>0x2</size>
         <alignment>0x2</alignment>
         <input_file_ref idref="fl-16"/>
      </object_component>
      <object_component id="oc-2e2">
         <name>.text.aligned_alloc</name>
         <load_address>0x2000de5c</load_address>
         <readonly>true</readonly>
         <executable>true</executable>
         <run_address>0x2000de5c</run_address>
         <size>0x120</size>
         <alignment>0x4</alignment>
         <input_file_ref idref="fl-43"/>
      </object_component>
      <object_component id="oc-280">
         <name>.text.UART2_writeTimeoutNonblocking</name>
         <load_address>0x2000df7c</load_address>
         <readonly>true</readonly>
         <executable>true</executable>
         <run_address>0x2000df7c</run_address>
         <size>0x11a</size>
         <alignment>0x2</alignment>
         <input_file_ref idref="fl-1c"/>
      </object_component>
      <object_component id="oc-2fd">
         <name>.text.uDMAChannelTransferSet</name>
         <load_address>0x2000e096</load_address>
         <readonly>true</readonly>
         <executable>true</executable>
         <run_address>0x2000e096</run_address>
         <size>0x112</size>
         <alignment>0x2</alignment>
         <input_file_ref idref="fl-33"/>
      </object_component>
      <object_component id="oc-2ba">
         <name>.text.__muldf3</name>
         <load_address>0x2000e1a8</load_address>
         <readonly>true</readonly>
         <executable>true</executable>
         <run_address>0x2000e1a8</run_address>
         <size>0xfc</size>
         <alignment>0x4</alignment>
         <input_file_ref idref="fl-d5"/>
      </object_component>
      <object_component id="oc-19e">
         <name>.text.free</name>
         <load_address>0x2000e2a4</load_address>
         <readonly>true</readonly>
         <executable>true</executable>
         <run_address>0x2000e2a4</run_address>
         <size>0xf0</size>
         <alignment>0x4</alignment>
         <input_file_ref idref="fl-43"/>
      </object_component>
      <object_component id="oc-145">
         <name>.text.I2C_open</name>
         <load_address>0x2000e394</load_address>
         <readonly>true</readonly>
         <executable>true</executable>
         <run_address>0x2000e394</run_address>
         <size>0xe8</size>
         <alignment>0x4</alignment>
         <input_file_ref idref="fl-17"/>
      </object_component>
      <object_component id="oc-1da">
         <name>.text.UART2_close</name>
         <load_address>0x2000e47c</load_address>
         <readonly>true</readonly>
         <executable>true</executable>
         <run_address>0x2000e47c</run_address>
         <size>0xe8</size>
         <alignment>0x4</alignment>
         <input_file_ref idref="fl-1d"/>
      </object_component>
      <object_component id="oc-27c">
         <name>.text.UART2Support_dmaStartRx</name>
         <load_address>0x2000e564</load_address>
         <readonly>true</readonly>
         <executable>true</executable>
         <run_address>0x2000e564</run_address>
         <size>0xcc</size>
         <alignment>0x4</alignment>
         <input_file_ref idref="fl-1d"/>
      </object_component>
      <object_component id="oc-2f0">
         <name>.text.IntDisable</name>
         <load_address>0x2000e630</load_address>
         <readonly>true</readonly>
         <executable>true</executable>
         <run_address>0x2000e630</run_address>
         <size>0xc8</size>
         <alignment>0x2</alignment>
         <input_file_ref idref="fl-2c"/>
      </object_component>
      <object_component id="oc-265">
         <name>.text.IntEnable</name>
         <load_address>0x2000e6f8</load_address>
         <readonly>true</readonly>
         <executable>true</executable>
         <run_address>0x2000e6f8</run_address>
         <size>0xc8</size>
         <alignment>0x2</alignment>
         <input_file_ref idref="fl-2c"/>
      </object_component>
      <object_component id="oc-1d6">
         <name>.text.UART2CC32XX_initHw</name>
         <load_address>0x2000e7c0</load_address>
         <readonly>true</readonly>
         <executable>true</executable>
         <run_address>0x2000e7c0</run_address>
         <size>0xc4</size>
         <alignment>0x4</alignment>
         <input_file_ref idref="fl-1d"/>
      </object_component>
      <object_component id="oc-27f">
         <name>.text.UART2Support_dmaStartTx</name>
         <load_address>0x2000e884</load_address>
         <readonly>true</readonly>
         <executable>true</executable>
         <run_address>0x2000e884</run_address>
         <size>0xb8</size>
         <alignment>0x4</alignment>
         <input_file_ref idref="fl-1d"/>
      </object_component>
      <object_component id="oc-2c9">
         <name>.text</name>
         <load_address>0x2000e93c</load_address>
         <readonly>true</readonly>
         <executable>true</executable>
         <run_address>0x2000e93c</run_address>
         <size>0xb0</size>
         <alignment>0x4</alignment>
         <input_file_ref idref="fl-dd"/>
      </object_component>
      <object_component id="oc-23d">
         <name>.text.GPIOIntTypeSet</name>
         <load_address>0x2000e9ec</load_address>
         <readonly>true</readonly>
         <executable>true</executable>
         <run_address>0x2000e9ec</run_address>
         <size>0xac</size>
         <alignment>0x2</alignment>
         <input_file_ref idref="fl-29"/>
      </object_component>
      <object_component id="oc-346">
         <name>.text.IntPendSet</name>
         <load_address>0x2000ea98</load_address>
         <readonly>true</readonly>
         <executable>true</executable>
         <run_address>0x2000ea98</run_address>
         <size>0xa4</size>
         <alignment>0x2</alignment>
         <input_file_ref idref="fl-2c"/>
      </object_component>
      <object_component id="oc-1a6">
         <name>.text.PinConfigSet</name>
         <load_address>0x2000eb3c</load_address>
         <readonly>true</readonly>
         <executable>true</executable>
         <run_address>0x2000eb3c</run_address>
         <size>0xa2</size>
         <alignment>0x2</alignment>
         <input_file_ref idref="fl-2d"/>
      </object_component>
      <object_component id="oc-294">
         <name>.text.I2CCC32XX_completeTransfer</name>
         <load_address>0x2000ebde</load_address>
         <readonly>true</readonly>
         <executable>true</executable>
         <run_address>0x2000ebde</run_address>
         <size>0x9c</size>
         <alignment>0x2</alignment>
         <input_file_ref idref="fl-17"/>
      </object_component>
      <object_component id="oc-192">
         <name>.text.PowerCC32XX_initPolicy</name>
         <load_address>0x2000ec7a</load_address>
         <readonly>true</readonly>
         <executable>true</executable>
         <run_address>0x2000ec7a</run_address>
         <size>0x2</size>
         <alignment>0x2</alignment>
         <input_file_ref idref="fl-25"/>
      </object_component>
      <object_component id="oc-212">
         <name>.text.readTemp</name>
         <load_address>0x2000ec7c</load_address>
         <readonly>true</readonly>
         <executable>true</executable>
         <run_address>0x2000ec7c</run_address>
         <size>0x9c</size>
         <alignment>0x4</alignment>
         <input_file_ref idref="fl-1"/>
      </object_component>
      <object_component id="oc-285">
         <name>.text.I2CMasterInitExpClk</name>
         <load_address>0x2000ed18</load_address>
         <readonly>true</readonly>
         <executable>true</executable>
         <run_address>0x2000ed18</run_address>
         <size>0x98</size>
         <alignment>0x2</alignment>
         <input_file_ref idref="fl-2b"/>
      </object_component>
      <object_component id="oc-122">
         <name>.text.SemaphoreP_pend</name>
         <load_address>0x2000edb0</load_address>
         <readonly>true</readonly>
         <executable>true</executable>
         <run_address>0x2000edb0</run_address>
         <size>0x98</size>
         <alignment>0x4</alignment>
         <input_file_ref idref="fl-22"/>
      </object_component>
      <object_component id="oc-11f">
         <name>.text.HwiP_disable</name>
         <load_address>0x2000ee48</load_address>
         <readonly>true</readonly>
         <executable>true</executable>
         <run_address>0x2000ee48</run_address>
         <size>0x8</size>
         <alignment>0x2</alignment>
         <input_file_ref idref="fl-24"/>
      </object_component>
      <object_component id="oc-2d5">
         <name>.text</name>
         <load_address>0x2000ee50</load_address>
         <readonly>true</readonly>
         <executable>true</executable>
         <run_address>0x2000ee50</run_address>
         <size>0x96</size>
         <alignment>0x10</alignment>
         <input_file_ref idref="fl-19"/>
      </object_component>
      <object_component id="oc-25e">
         <name>.text.uDMAChannelAttributeDisable</name>
         <load_address>0x2000eee6</load_address>
         <readonly>true</readonly>
         <executable>true</executable>
         <run_address>0x2000eee6</run_address>
         <size>0x92</size>
         <alignment>0x2</alignment>
         <input_file_ref idref="fl-33"/>
      </object_component>
      <object_component id="oc-dc">
         <name>.text.GPIO_init</name>
         <load_address>0x2000ef78</load_address>
         <readonly>true</readonly>
         <executable>true</executable>
         <run_address>0x2000ef78</run_address>
         <size>0x90</size>
         <alignment>0x4</alignment>
         <input_file_ref idref="fl-15"/>
      </object_component>
      <object_component id="oc-101">
         <name>.text.PRCMSysResetCauseGet</name>
         <load_address>0x2000f008</load_address>
         <readonly>true</readonly>
         <executable>true</executable>
         <run_address>0x2000f008</run_address>
         <size>0x8e</size>
         <alignment>0x2</alignment>
         <input_file_ref idref="fl-2e"/>
      </object_component>
      <object_component id="oc-26e">
         <name>.text.SemaphoreP_destruct</name>
         <load_address>0x2000f096</load_address>
         <readonly>true</readonly>
         <executable>true</executable>
         <run_address>0x2000f096</run_address>
         <size>0x2</size>
         <alignment>0x2</alignment>
         <input_file_ref idref="fl-22"/>
      </object_component>
      <object_component id="oc-113">
         <name>.text.PowerCC32XX_configureWakeup</name>
         <load_address>0x2000f098</load_address>
         <readonly>true</readonly>
         <executable>true</executable>
         <run_address>0x2000f098</run_address>
         <size>0x88</size>
         <alignment>0x4</alignment>
         <input_file_ref idref="fl-18"/>
      </object_component>
      <object_component id="oc-291">
         <name>.text.I2CCC32XX_primeReadBurst</name>
         <load_address>0x2000f120</load_address>
         <readonly>true</readonly>
         <executable>true</executable>
         <run_address>0x2000f120</run_address>
         <size>0x7a</size>
         <alignment>0x2</alignment>
         <input_file_ref idref="fl-17"/>
      </object_component>
      <object_component id="oc-16a">
         <name>.text.Timer_init</name>
         <load_address>0x2000f19a</load_address>
         <readonly>true</readonly>
         <executable>true</executable>
         <run_address>0x2000f19a</run_address>
         <size>0x2</size>
         <alignment>0x2</alignment>
         <input_file_ref idref="fl-1a"/>
      </object_component>
      <object_component id="oc-d7">
         <name>.text.Power_init</name>
         <load_address>0x2000f19c</load_address>
         <readonly>true</readonly>
         <executable>true</executable>
         <run_address>0x2000f19c</run_address>
         <size>0x78</size>
         <alignment>0x4</alignment>
         <input_file_ref idref="fl-18"/>
      </object_component>
      <object_component id="oc-1d8">
         <name>.text.HwiP_construct</name>
         <load_address>0x2000f214</load_address>
         <readonly>true</readonly>
         <executable>true</executable>
         <run_address>0x2000f214</run_address>
         <size>0x74</size>
         <alignment>0x4</alignment>
         <input_file_ref idref="fl-24"/>
      </object_component>
      <object_component id="oc-18f">
         <name>.text.PRCMHibernateWakeUpGPIOSelect</name>
         <load_address>0x2000f288</load_address>
         <readonly>true</readonly>
         <executable>true</executable>
         <run_address>0x2000f288</run_address>
         <size>0x74</size>
         <alignment>0x2</alignment>
         <input_file_ref idref="fl-2e"/>
      </object_component>
      <object_component id="oc-253">
         <name>.text.UARTConfigSetExpClk</name>
         <load_address>0x2000f2fc</load_address>
         <readonly>true</readonly>
         <executable>true</executable>
         <run_address>0x2000f2fc</run_address>
         <size>0x74</size>
         <alignment>0x2</alignment>
         <input_file_ref idref="fl-32"/>
      </object_component>
      <object_component id="oc-18">
         <name>.text:decompress:lzss</name>
         <load_address>0x2000f370</load_address>
         <readonly>true</readonly>
         <executable>true</executable>
         <run_address>0x2000f370</run_address>
         <size>0x70</size>
         <alignment>0x2</alignment>
         <input_file_ref idref="fl-4b"/>
      </object_component>
      <object_component id="oc-2d3">
         <name>.text.PinLockLevelSet</name>
         <load_address>0x2000f3e0</load_address>
         <readonly>true</readonly>
         <executable>true</executable>
         <run_address>0x2000f3e0</run_address>
         <size>0x6c</size>
         <alignment>0x2</alignment>
         <input_file_ref idref="fl-2d"/>
      </object_component>
      <object_component id="oc-1a7">
         <name>.text.Power_setDependency</name>
         <load_address>0x2000f44c</load_address>
         <readonly>true</readonly>
         <executable>true</executable>
         <run_address>0x2000f44c</run_address>
         <size>0x6c</size>
         <alignment>0x4</alignment>
         <input_file_ref idref="fl-18"/>
      </object_component>
      <object_component id="oc-1d4">
         <name>.text.UDMACC32XX_open</name>
         <load_address>0x2000f4b8</load_address>
         <readonly>true</readonly>
         <executable>true</executable>
         <run_address>0x2000f4b8</run_address>
         <size>0x6c</size>
         <alignment>0x4</alignment>
         <input_file_ref idref="fl-20"/>
      </object_component>
      <object_component id="oc-12a">
         <name>.text.powerNotifyFxn</name>
         <load_address>0x2000f524</load_address>
         <readonly>true</readonly>
         <executable>true</executable>
         <run_address>0x2000f524</run_address>
         <size>0x6c</size>
         <alignment>0x4</alignment>
         <input_file_ref idref="fl-15"/>
      </object_component>
      <object_component id="oc-17c">
         <name>.text.setHeatMode</name>
         <load_address>0x2000f590</load_address>
         <readonly>true</readonly>
         <executable>true</executable>
         <run_address>0x2000f590</run_address>
         <size>0x6c</size>
         <alignment>0x4</alignment>
         <input_file_ref idref="fl-1"/>
      </object_component>
      <object_component id="oc-347">
         <name>.text.split</name>
         <load_address>0x2000f5fc</load_address>
         <readonly>true</readonly>
         <executable>true</executable>
         <run_address>0x2000f5fc</run_address>
         <size>0x6c</size>
         <alignment>0x4</alignment>
         <input_file_ref idref="fl-43"/>
      </object_component>
      <object_component id="oc-109">
         <name>.text.PRCMPeripheralReset</name>
         <load_address>0x2000f668</load_address>
         <readonly>true</readonly>
         <executable>true</executable>
         <run_address>0x2000f668</run_address>
         <size>0x6a</size>
         <alignment>0x2</alignment>
         <input_file_ref idref="fl-2e"/>
      </object_component>
      <object_component id="oc-1dd">
         <name>.text.UART2CC32XX_eventCallback</name>
         <load_address>0x2000f6d2</load_address>
         <readonly>true</readonly>
         <executable>true</executable>
         <run_address>0x2000f6d2</run_address>
         <size>0x2</size>
         <alignment>0x2</alignment>
         <input_file_ref idref="fl-1d"/>
      </object_component>
      <object_component id="oc-1eb">
         <name>.text.I2CCC32XX_initHw</name>
         <load_address>0x2000f6d4</load_address>
         <readonly>true</readonly>
         <executable>true</executable>
         <run_address>0x2000f6d4</run_address>
         <size>0x68</size>
         <alignment>0x4</alignment>
         <input_file_ref idref="fl-17"/>
      </object_component>
      <object_component id="oc-262">
         <name>.text.IntPendClear</name>
         <load_address>0x2000f73c</load_address>
         <readonly>true</readonly>
         <executable>true</executable>
         <run_address>0x2000f73c</run_address>
         <size>0x68</size>
         <alignment>0x2</alignment>
         <input_file_ref idref="fl-2c"/>
      </object_component>
      <object_component id="oc-292">
         <name>.text.I2CCC32XX_primeWriteBurst</name>
         <load_address>0x2000f7a4</load_address>
         <readonly>true</readonly>
         <executable>true</executable>
         <run_address>0x2000f7a4</run_address>
         <size>0x66</size>
         <alignment>0x2</alignment>
         <input_file_ref idref="fl-17"/>
      </object_component>
      <object_component id="oc-335">
         <name>.text.__aeabi_ldiv0</name>
         <load_address>0x2000f80a</load_address>
         <readonly>true</readonly>
         <executable>true</executable>
         <run_address>0x2000f80a</run_address>
         <size>0x2</size>
         <alignment>0x2</alignment>
         <input_file_ref idref="fl-df"/>
      </object_component>
      <object_component id="oc-b0">
         <name>.text.mainThread</name>
         <load_address>0x2000f80c</load_address>
         <readonly>true</readonly>
         <executable>true</executable>
         <run_address>0x2000f80c</run_address>
         <size>0x64</size>
         <alignment>0x4</alignment>
         <input_file_ref idref="fl-1"/>
      </object_component>
      <object_component id="oc-160">
         <name>.text.GPIO_write</name>
         <load_address>0x2000f870</load_address>
         <readonly>true</readonly>
         <executable>true</executable>
         <run_address>0x2000f870</run_address>
         <size>0x60</size>
         <alignment>0x4</alignment>
         <input_file_ref idref="fl-15"/>
      </object_component>
      <object_component id="oc-27e">
         <name>.text.UART2Support_dmaStopTx</name>
         <load_address>0x2000f8d0</load_address>
         <readonly>true</readonly>
         <executable>true</executable>
         <run_address>0x2000f8d0</run_address>
         <size>0x60</size>
         <alignment>0x2</alignment>
         <input_file_ref idref="fl-1d"/>
      </object_component>
      <object_component id="oc-341">
         <name>.text.FlashDisable</name>
         <load_address>0x2000f930</load_address>
         <readonly>true</readonly>
         <executable>true</executable>
         <run_address>0x2000f930</run_address>
         <size>0x5c</size>
         <alignment>0x2</alignment>
         <input_file_ref idref="fl-35"/>
      </object_component>
      <object_component id="oc-29f">
         <name>.text.I2CSupport_primeTransfer</name>
         <load_address>0x2000f98c</load_address>
         <readonly>true</readonly>
         <executable>true</executable>
         <run_address>0x2000f98c</run_address>
         <size>0x5c</size>
         <alignment>0x2</alignment>
         <input_file_ref idref="fl-17"/>
      </object_component>
      <object_component id="oc-191">
         <name>.text.PRCMHibernateWakeupSourceDisable</name>
         <load_address>0x2000f9e8</load_address>
         <readonly>true</readonly>
         <executable>true</executable>
         <run_address>0x2000f9e8</run_address>
         <size>0x5c</size>
         <alignment>0x2</alignment>
         <input_file_ref idref="fl-2e"/>
      </object_component>
      <object_component id="oc-204">
         <name>.text.TimerCC32XX_allocateTimerResource</name>
         <load_address>0x2000fa44</load_address>
         <readonly>true</readonly>
         <executable>true</executable>
         <run_address>0x2000fa44</run_address>
         <size>0x5c</size>
         <alignment>0x4</alignment>
         <input_file_ref idref="fl-1b"/>
      </object_component>
      <object_component id="oc-ef">
         <name>.text.initGPIO</name>
         <load_address>0x2000faa0</load_address>
         <readonly>true</readonly>
         <executable>true</executable>
         <run_address>0x2000faa0</run_address>
         <size>0x5c</size>
         <alignment>0x4</alignment>
         <input_file_ref idref="fl-1"/>
      </object_component>
      <object_component id="oc-108">
         <name>.text.PRCMPeripheralClkEnable</name>
         <load_address>0x2000fafc</load_address>
         <readonly>true</readonly>
         <executable>true</executable>
         <run_address>0x2000fafc</run_address>
         <size>0x5a</size>
         <alignment>0x2</alignment>
         <input_file_ref idref="fl-2e"/>
      </object_component>
      <object_component id="oc-17d">
         <name>.text._nop</name>
         <load_address>0x2000fb56</load_address>
         <readonly>true</readonly>
         <executable>true</executable>
         <run_address>0x2000fb56</run_address>
         <size>0x2</size>
         <alignment>0x2</alignment>
         <input_file_ref idref="fl-50"/>
      </object_component>
      <object_component id="oc-2c7">
         <name>.text.ClockP_startup</name>
         <load_address>0x2000fb58</load_address>
         <readonly>true</readonly>
         <executable>true</executable>
         <run_address>0x2000fb58</run_address>
         <size>0x58</size>
         <alignment>0x4</alignment>
         <input_file_ref idref="fl-23"/>
      </object_component>
      <object_component id="oc-264">
         <name>.text.IntPrioritySet</name>
         <load_address>0x2000fbb0</load_address>
         <readonly>true</readonly>
         <executable>true</executable>
         <run_address>0x2000fbb0</run_address>
         <size>0x58</size>
         <alignment>0x2</alignment>
         <input_file_ref idref="fl-2c"/>
      </object_component>
      <object_component id="oc-2df">
         <name>.text.PRCMLPDSEnter</name>
         <load_address>0x2000fc08</load_address>
         <readonly>true</readonly>
         <executable>true</executable>
         <run_address>0x2000fc08</run_address>
         <size>0x56</size>
         <alignment>0x2</alignment>
         <input_file_ref idref="fl-2e"/>
      </object_component>
      <object_component id="oc-57">
         <name>.text.busFaultHandler</name>
         <load_address>0x2000fc5e</load_address>
         <readonly>true</readonly>
         <executable>true</executable>
         <run_address>0x2000fc5e</run_address>
         <size>0x2</size>
         <alignment>0x2</alignment>
         <input_file_ref idref="fl-26"/>
      </object_component>
      <object_component id="oc-1c0">
         <name>.text.PowerCC32XX_setParkState</name>
         <load_address>0x2000fc60</load_address>
         <readonly>true</readonly>
         <executable>true</executable>
         <run_address>0x2000fc60</run_address>
         <size>0x54</size>
         <alignment>0x4</alignment>
         <input_file_ref idref="fl-18"/>
      </object_component>
      <object_component id="oc-271">
         <name>.text.Power_releaseDependency</name>
         <load_address>0x2000fcb4</load_address>
         <readonly>true</readonly>
         <executable>true</executable>
         <run_address>0x2000fcb4</run_address>
         <size>0x54</size>
         <alignment>0x4</alignment>
         <input_file_ref idref="fl-18"/>
      </object_component>
      <object_component id="oc-1b4">
         <name>.text.GPIO_hwiIntFxn</name>
         <load_address>0x2000fd08</load_address>
         <readonly>true</readonly>
         <executable>true</executable>
         <run_address>0x2000fd08</run_address>
         <size>0x50</size>
         <alignment>0x4</alignment>
         <input_file_ref idref="fl-15"/>
      </object_component>
      <object_component id="oc-190">
         <name>.text.PRCMHibernateWakeupSourceEnable</name>
         <load_address>0x2000fd58</load_address>
         <readonly>true</readonly>
         <executable>true</executable>
         <run_address>0x2000fd58</run_address>
         <size>0x50</size>
         <alignment>0x2</alignment>
         <input_file_ref idref="fl-2e"/>
      </object_component>
      <object_component id="oc-235">
         <name>.text.SemaphoreP_construct</name>
         <load_address>0x2000fda8</load_address>
         <readonly>true</readonly>
         <executable>true</executable>
         <run_address>0x2000fda8</run_address>
         <size>0x50</size>
         <alignment>0x4</alignment>
         <input_file_ref idref="fl-22"/>
      </object_component>
      <object_component id="oc-25d">
         <name>.text.uDMAChannelAssign</name>
         <load_address>0x2000fdf8</load_address>
         <readonly>true</readonly>
         <executable>true</executable>
         <run_address>0x2000fdf8</run_address>
         <size>0x4e</size>
         <alignment>0x2</alignment>
         <input_file_ref idref="fl-33"/>
      </object_component>
      <object_component id="oc-1a5">
         <name>.text.clkFxn</name>
         <load_address>0x2000fe46</load_address>
         <readonly>true</readonly>
         <executable>true</executable>
         <run_address>0x2000fe46</run_address>
         <size>0x2</size>
         <alignment>0x2</alignment>
         <input_file_ref idref="fl-22"/>
      </object_component>
      <object_component id="oc-1b0">
         <name>.text.GPIO_setInterruptConfig</name>
         <load_address>0x2000fe48</load_address>
         <readonly>true</readonly>
         <executable>true</executable>
         <run_address>0x2000fe48</run_address>
         <size>0x4c</size>
         <alignment>0x4</alignment>
         <input_file_ref idref="fl-15"/>
      </object_component>
      <object_component id="oc-33f">
         <name>.text.PRCMLPDSRestoreInfoSet</name>
         <load_address>0x2000fe94</load_address>
         <readonly>true</readonly>
         <executable>true</executable>
         <run_address>0x2000fe94</run_address>
         <size>0x4c</size>
         <alignment>0x2</alignment>
         <input_file_ref idref="fl-2e"/>
      </object_component>
      <object_component id="oc-208">
         <name>.text.initHw</name>
         <load_address>0x2000fee0</load_address>
         <readonly>true</readonly>
         <executable>true</executable>
         <run_address>0x2000fee0</run_address>
         <size>0x4c</size>
         <alignment>0x2</alignment>
         <input_file_ref idref="fl-1b"/>
      </object_component>
      <object_component id="oc-27a">
         <name>.text.UART2Support_dmaStopRx</name>
         <load_address>0x2000ff2c</load_address>
         <readonly>true</readonly>
         <executable>true</executable>
         <run_address>0x2000ff2c</run_address>
         <size>0x4a</size>
         <alignment>0x2</alignment>
         <input_file_ref idref="fl-1d"/>
      </object_component>
      <object_component id="oc-207">
         <name>.text.getPrescaler</name>
         <load_address>0x2000ff76</load_address>
         <readonly>true</readonly>
         <executable>true</executable>
         <run_address>0x2000ff76</run_address>
         <size>0x4a</size>
         <alignment>0x2</alignment>
         <input_file_ref idref="fl-1b"/>
      </object_component>
      <object_component id="oc-2f7">
         <name>.text.uDMAChannelSizeGet</name>
         <load_address>0x2000ffc0</load_address>
         <readonly>true</readonly>
         <executable>true</executable>
         <run_address>0x2000ffc0</run_address>
         <size>0x4a</size>
         <alignment>0x2</alignment>
         <input_file_ref idref="fl-33"/>
      </object_component>
      <object_component id="oc-56">
         <name>.text.defaultHandler</name>
         <load_address>0x2001000a</load_address>
         <readonly>true</readonly>
         <executable>true</executable>
         <run_address>0x2001000a</run_address>
         <size>0x2</size>
         <alignment>0x2</alignment>
         <input_file_ref idref="fl-26"/>
      </object_component>
      <object_component id="oc-58">
         <name>.text.ClockP_sysTickHandler</name>
         <load_address>0x2001000c</load_address>
         <readonly>true</readonly>
         <executable>true</executable>
         <run_address>0x2001000c</run_address>
         <size>0x48</size>
         <alignment>0x4</alignment>
         <input_file_ref idref="fl-23"/>
      </object_component>
      <object_component id="oc-2d9">
         <name>.text.PRCMIntEnable</name>
         <load_address>0x20010054</load_address>
         <readonly>true</readonly>
         <executable>true</executable>
         <run_address>0x20010054</run_address>
         <size>0x48</size>
         <alignment>0x2</alignment>
         <input_file_ref idref="fl-2e"/>
      </object_component>
      <object_component id="oc-23a">
         <name>.text.PRCMPeripheralStatusGet</name>
         <load_address>0x2001009c</load_address>
         <readonly>true</readonly>
         <executable>true</executable>
         <run_address>0x2001009c</run_address>
         <size>0x48</size>
         <alignment>0x2</alignment>
         <input_file_ref idref="fl-2e"/>
      </object_component>
      <object_component id="oc-33c">
         <name>.text.PinConfigGet</name>
         <load_address>0x200100e4</load_address>
         <readonly>true</readonly>
         <executable>true</executable>
         <run_address>0x200100e4</run_address>
         <size>0x48</size>
         <alignment>0x2</alignment>
         <input_file_ref idref="fl-2d"/>
      </object_component>
      <object_component id="oc-2be">
         <name>.text.__fixdfsi</name>
         <load_address>0x2001012c</load_address>
         <readonly>true</readonly>
         <executable>true</executable>
         <run_address>0x2001012c</run_address>
         <size>0x48</size>
         <alignment>0x4</alignment>
         <input_file_ref idref="fl-d7"/>
      </object_component>
      <object_component id="oc-290">
         <name>.text.I2CCC32XX_fillTransmitFifo</name>
         <load_address>0x20010174</load_address>
         <readonly>true</readonly>
         <executable>true</executable>
         <run_address>0x20010174</run_address>
         <size>0x46</size>
         <alignment>0x2</alignment>
         <input_file_ref idref="fl-17"/>
      </object_component>
      <object_component id="oc-2de">
         <name>.text.PRCMLPDSEnterKeepDebugIf</name>
         <load_address>0x200101ba</load_address>
         <readonly>true</readonly>
         <executable>true</executable>
         <run_address>0x200101ba</run_address>
         <size>0x46</size>
         <alignment>0x2</alignment>
         <input_file_ref idref="fl-2e"/>
      </object_component>
      <object_component id="oc-2f5">
         <name>.text.RingBuf_put</name>
         <load_address>0x20010200</load_address>
         <readonly>true</readonly>
         <executable>true</executable>
         <run_address>0x20010200</run_address>
         <size>0x46</size>
         <alignment>0x2</alignment>
         <input_file_ref idref="fl-1f"/>
      </object_component>
      <object_component id="oc-1aa">
         <name>.text.GPIODirModeSet</name>
         <load_address>0x20010246</load_address>
         <readonly>true</readonly>
         <executable>true</executable>
         <run_address>0x20010246</run_address>
         <size>0x44</size>
         <alignment>0x2</alignment>
         <input_file_ref idref="fl-29"/>
      </object_component>
      <object_component id="oc-55">
         <name>.text.faultISR</name>
         <load_address>0x2001028a</load_address>
         <readonly>true</readonly>
         <executable>true</executable>
         <run_address>0x2001028a</run_address>
         <size>0x2</size>
         <alignment>0x2</alignment>
         <input_file_ref idref="fl-26"/>
      </object_component>
      <object_component id="oc-23e">
         <name>.text.GPIO_disableInt</name>
         <load_address>0x2001028c</load_address>
         <readonly>true</readonly>
         <executable>true</executable>
         <run_address>0x2001028c</run_address>
         <size>0x44</size>
         <alignment>0x4</alignment>
         <input_file_ref idref="fl-15"/>
      </object_component>
      <object_component id="oc-166">
         <name>.text.GPIO_enableInt</name>
         <load_address>0x200102d0</load_address>
         <readonly>true</readonly>
         <executable>true</executable>
         <run_address>0x200102d0</run_address>
         <size>0x44</size>
         <alignment>0x4</alignment>
         <input_file_ref idref="fl-15"/>
      </object_component>
      <object_component id="oc-27d">
         <name>.text.Power_releaseConstraint</name>
         <load_address>0x20010314</load_address>
         <readonly>true</readonly>
         <executable>true</executable>
         <run_address>0x20010314</run_address>
         <size>0x44</size>
         <alignment>0x4</alignment>
         <input_file_ref idref="fl-18"/>
      </object_component>
      <object_component id="oc-177">
         <name>.text.Timer_start</name>
         <load_address>0x20010358</load_address>
         <readonly>true</readonly>
         <executable>true</executable>
         <run_address>0x20010358</run_address>
         <size>0x44</size>
         <alignment>0x2</alignment>
         <input_file_ref idref="fl-1a"/>
      </object_component>
      <object_component id="oc-7d">
         <name>.text.addToList</name>
         <load_address>0x2001039c</load_address>
         <readonly>true</readonly>
         <executable>true</executable>
         <run_address>0x2001039c</run_address>
         <size>0x44</size>
         <alignment>0x4</alignment>
         <input_file_ref idref="fl-23"/>
      </object_component>
      <object_component id="oc-f0">
         <name>.text.initTimer</name>
         <load_address>0x200103e0</load_address>
         <readonly>true</readonly>
         <executable>true</executable>
         <run_address>0x200103e0</run_address>
         <size>0x44</size>
         <alignment>0x4</alignment>
         <input_file_ref idref="fl-1"/>
      </object_component>
      <object_component id="oc-14c">
         <name>.text.snprintf</name>
         <load_address>0x20010424</load_address>
         <readonly>true</readonly>
         <executable>true</executable>
         <run_address>0x20010424</run_address>
         <size>0x44</size>
         <alignment>0x4</alignment>
         <input_file_ref idref="fl-42"/>
      </object_component>
      <object_component id="oc-110">
         <name>.text.PinModeSet</name>
         <load_address>0x20010468</load_address>
         <readonly>true</readonly>
         <executable>true</executable>
         <run_address>0x20010468</run_address>
         <size>0x42</size>
         <alignment>0x2</alignment>
         <input_file_ref idref="fl-2d"/>
      </object_component>
      <object_component id="oc-2af">
         <name>.text.TimerControlStall</name>
         <load_address>0x200104aa</load_address>
         <readonly>true</readonly>
         <executable>true</executable>
         <run_address>0x200104aa</run_address>
         <size>0x42</size>
         <alignment>0x2</alignment>
         <input_file_ref idref="fl-31"/>
      </object_component>
      <object_component id="oc-206">
         <name>.text.Timer_close</name>
         <load_address>0x200104ec</load_address>
         <readonly>true</readonly>
         <executable>true</executable>
         <run_address>0x200104ec</run_address>
         <size>0x42</size>
         <alignment>0x2</alignment>
         <input_file_ref idref="fl-1b"/>
      </object_component>
      <object_component id="oc-220">
         <name>.text.getCountsRTC</name>
         <load_address>0x2001052e</load_address>
         <readonly>true</readonly>
         <executable>true</executable>
         <run_address>0x2001052e</run_address>
         <size>0x42</size>
         <alignment>0x2</alignment>
         <input_file_ref idref="fl-25"/>
      </object_component>
      <object_component id="oc-125">
         <name>.text.SemaphoreP_post</name>
         <load_address>0x20010570</load_address>
         <readonly>true</readonly>
         <executable>true</executable>
         <run_address>0x20010570</run_address>
         <size>0x40</size>
         <alignment>0x4</alignment>
         <input_file_ref idref="fl-22"/>
      </object_component>
      <object_component id="oc-2a5">
         <name>.text.Timer_stop</name>
         <load_address>0x200105b0</load_address>
         <readonly>true</readonly>
         <executable>true</executable>
         <run_address>0x200105b0</run_address>
         <size>0x40</size>
         <alignment>0x2</alignment>
         <input_file_ref idref="fl-1a"/>
      </object_component>
      <object_component id="oc-316">
         <name>.text.atoi</name>
         <load_address>0x200105f0</load_address>
         <readonly>true</readonly>
         <executable>true</executable>
         <run_address>0x200105f0</run_address>
         <size>0x40</size>
         <alignment>0x4</alignment>
         <input_file_ref idref="fl-54"/>
      </object_component>
      <object_component id="oc-2fc">
         <name>.text.uDMAChannelControlSet</name>
         <load_address>0x20010630</load_address>
         <readonly>true</readonly>
         <executable>true</executable>
         <run_address>0x20010630</run_address>
         <size>0x40</size>
         <alignment>0x2</alignment>
         <input_file_ref idref="fl-33"/>
      </object_component>
      <object_component id="oc-33e">
         <name>.text.PinDirModeSet</name>
         <load_address>0x20010670</load_address>
         <readonly>true</readonly>
         <executable>true</executable>
         <run_address>0x20010670</run_address>
         <size>0x3e</size>
         <alignment>0x2</alignment>
         <input_file_ref idref="fl-2d"/>
      </object_component>
      <object_component id="oc-54">
         <name>.text.nmiISR</name>
         <load_address>0x200106ae</load_address>
         <readonly>true</readonly>
         <executable>true</executable>
         <run_address>0x200106ae</run_address>
         <size>0x2</size>
         <alignment>0x2</alignment>
         <input_file_ref idref="fl-26"/>
      </object_component>
      <object_component id="oc-239">
         <name>.text.ClockP_stop</name>
         <load_address>0x200106b0</load_address>
         <readonly>true</readonly>
         <executable>true</executable>
         <run_address>0x200106b0</run_address>
         <size>0x3c</size>
         <alignment>0x4</alignment>
         <input_file_ref idref="fl-23"/>
      </object_component>
      <object_component id="oc-1cf">
         <name>.text.UDMACC32XX_init</name>
         <load_address>0x200106ec</load_address>
         <readonly>true</readonly>
         <executable>true</executable>
         <run_address>0x200106ec</run_address>
         <size>0x3c</size>
         <alignment>0x4</alignment>
         <input_file_ref idref="fl-20"/>
      </object_component>
      <object_component id="oc-210">
         <name>.text.TimerSupport_timerEnable</name>
         <load_address>0x20010728</load_address>
         <readonly>true</readonly>
         <executable>true</executable>
         <run_address>0x20010728</run_address>
         <size>0x3a</size>
         <alignment>0x2</alignment>
         <input_file_ref idref="fl-1b"/>
      </object_component>
      <object_component id="oc-1a4">
         <name>.text.ClockP_destruct</name>
         <load_address>0x20010764</load_address>
         <readonly>true</readonly>
         <executable>true</executable>
         <run_address>0x20010764</run_address>
         <size>0x38</size>
         <alignment>0x4</alignment>
         <input_file_ref idref="fl-23"/>
      </object_component>
      <object_component id="oc-2b4">
         <name>.text.Power_setConstraint</name>
         <load_address>0x2001079c</load_address>
         <readonly>true</readonly>
         <executable>true</executable>
         <run_address>0x2001079c</run_address>
         <size>0x38</size>
         <alignment>0x4</alignment>
         <input_file_ref idref="fl-18"/>
      </object_component>
      <object_component id="oc-2f9">
         <name>.text.RingBuf_putAdvance</name>
         <load_address>0x200107d4</load_address>
         <readonly>true</readonly>
         <executable>true</executable>
         <run_address>0x200107d4</run_address>
         <size>0x38</size>
         <alignment>0x2</alignment>
         <input_file_ref idref="fl-1f"/>
      </object_component>
      <object_component id="oc-231">
         <name>.text.SwiP_restore</name>
         <load_address>0x2001080c</load_address>
         <readonly>true</readonly>
         <executable>true</executable>
         <run_address>0x2001080c</run_address>
         <size>0x38</size>
         <alignment>0x4</alignment>
         <input_file_ref idref="fl-27"/>
      </object_component>
      <object_component id="oc-26f">
         <name>.text.UDMACC32XX_close</name>
         <load_address>0x20010844</load_address>
         <readonly>true</readonly>
         <executable>true</executable>
         <run_address>0x20010844</run_address>
         <size>0x38</size>
         <alignment>0x4</alignment>
         <input_file_ref idref="fl-20"/>
      </object_component>
      <object_component id="oc-17a">
         <name>.text.adjustSetPointTemperature</name>
         <load_address>0x2001087c</load_address>
         <readonly>true</readonly>
         <executable>true</executable>
         <run_address>0x2001087c</run_address>
         <size>0x38</size>
         <alignment>0x4</alignment>
         <input_file_ref idref="fl-1"/>
      </object_component>
      <object_component id="oc-bf">
         <name>.text:__TI_auto_init_nobinit_nopinit</name>
         <load_address>0x200108b4</load_address>
         <readonly>true</readonly>
         <executable>true</executable>
         <run_address>0x200108b4</run_address>
         <size>0x38</size>
         <alignment>0x4</alignment>
         <input_file_ref idref="fl-46"/>
      </object_component>
      <object_component id="oc-2d4">
         <name>.text.PinLock</name>
         <load_address>0x200108ec</load_address>
         <readonly>true</readonly>
         <executable>true</executable>
         <run_address>0x200108ec</run_address>
         <size>0x36</size>
         <alignment>0x2</alignment>
         <input_file_ref idref="fl-2d"/>
      </object_component>
      <object_component id="oc-20d">
         <name>.text.TimerCC32XX_hwiIntFunction</name>
         <load_address>0x20010922</load_address>
         <readonly>true</readonly>
         <executable>true</executable>
         <run_address>0x20010922</run_address>
         <size>0x36</size>
         <alignment>0x2</alignment>
         <input_file_ref idref="fl-1b"/>
      </object_component>
      <object_component id="oc-34e">
         <name>.text.UARTCharPutNonBlocking</name>
         <load_address>0x20010958</load_address>
         <readonly>true</readonly>
         <executable>true</executable>
         <run_address>0x20010958</run_address>
         <size>0x36</size>
         <alignment>0x2</alignment>
         <input_file_ref idref="fl-32"/>
      </object_component>
      <object_component id="oc-1a1">
         <name>.text.ClockP_start</name>
         <load_address>0x20010990</load_address>
         <readonly>true</readonly>
         <executable>true</executable>
         <run_address>0x20010990</run_address>
         <size>0x34</size>
         <alignment>0x4</alignment>
         <input_file_ref idref="fl-23"/>
      </object_component>
      <object_component id="oc-308">
         <name>.text.I2CFIFODataPutNonBlocking</name>
         <load_address>0x200109c4</load_address>
         <readonly>true</readonly>
         <executable>true</executable>
         <run_address>0x200109c4</run_address>
         <size>0x34</size>
         <alignment>0x2</alignment>
         <input_file_ref idref="fl-2b"/>
      </object_component>
      <object_component id="oc-33d">
         <name>.text.PinDirModeGet</name>
         <load_address>0x200109f8</load_address>
         <readonly>true</readonly>
         <executable>true</executable>
         <run_address>0x200109f8</run_address>
         <size>0x34</size>
         <alignment>0x2</alignment>
         <input_file_ref idref="fl-2d"/>
      </object_component>
      <object_component id="oc-10b">
         <name>.text.PinModeGet</name>
         <load_address>0x20010a2c</load_address>
         <readonly>true</readonly>
         <executable>true</executable>
         <run_address>0x20010a2c</run_address>
         <size>0x34</size>
         <alignment>0x2</alignment>
         <input_file_ref idref="fl-2d"/>
      </object_component>
      <object_component id="oc-2d2">
         <name>.text.PowerCC32XX_parkPin</name>
         <load_address>0x20010a60</load_address>
         <readonly>true</readonly>
         <executable>true</executable>
         <run_address>0x20010a60</run_address>
         <size>0x34</size>
         <alignment>0x2</alignment>
         <input_file_ref idref="fl-18"/>
      </object_component>
      <object_component id="oc-2a7">
         <name>.text.TimerCC32XX_freeTimerResource</name>
         <load_address>0x20010a94</load_address>
         <readonly>true</readonly>
         <executable>true</executable>
         <run_address>0x20010a94</run_address>
         <size>0x34</size>
         <alignment>0x4</alignment>
         <input_file_ref idref="fl-1b"/>
      </object_component>
      <object_component id="oc-26b">
         <name>.text.UART2_rxDisable</name>
         <load_address>0x20010ac8</load_address>
         <readonly>true</readonly>
         <executable>true</executable>
         <run_address>0x20010ac8</run_address>
         <size>0x34</size>
         <alignment>0x2</alignment>
         <input_file_ref idref="fl-1c"/>
      </object_component>
      <object_component id="oc-4f">
         <name>.text.initVectors</name>
         <load_address>0x20010afc</load_address>
         <readonly>true</readonly>
         <executable>true</executable>
         <run_address>0x20010afc</run_address>
         <size>0x34</size>
         <alignment>0x4</alignment>
         <input_file_ref idref="fl-26"/>
      </object_component>
      <object_component id="oc-21d">
         <name>.text.ClockP_getTicksUntilInterrupt</name>
         <load_address>0x20010b30</load_address>
         <readonly>true</readonly>
         <executable>true</executable>
         <run_address>0x20010b30</run_address>
         <size>0x30</size>
         <alignment>0x4</alignment>
         <input_file_ref idref="fl-23"/>
      </object_component>
      <object_component id="oc-28f">
         <name>.text.I2CFIFODataGetNonBlocking</name>
         <load_address>0x20010b60</load_address>
         <readonly>true</readonly>
         <executable>true</executable>
         <run_address>0x20010b60</run_address>
         <size>0x30</size>
         <alignment>0x2</alignment>
         <input_file_ref idref="fl-2b"/>
      </object_component>
      <object_component id="oc-22a">
         <name>.text.PRCMLPDSIntervalSet</name>
         <load_address>0x20010b90</load_address>
[...]
      </symbol>
      <symbol id="sm-537">
         <name>PinLockLevelSet</name>
         <value>0x2000f3e1</value>
         <object_component_ref idref="oc-2d3"/>
      </symbol>
      <symbol id="sm-538">
         <name>PinModeGet</name>
         <value>0x20010a2d</value>
         <object_component_ref idref="oc-10b"/>
      </symbol>
      <symbol id="sm-539">
         <name>PinModeSet</name>
         <value>0x20010469</value>
         <object_component_ref idref="oc-110"/>
      </symbol>
      <symbol id="sm-53a">
         <name>PinToPadGet</name>
         <value>0x200114e5</value>
         <object_component_ref idref="oc-273"/>
      </symbol>
      <symbol id="sm-53b">
         <name>PinTypeI2C</name>
         <value>0x20011241</value>
         <object_component_ref idref="oc-1ea"/>
      </symbol>
      <symbol id="sm-53c">
         <name>PinTypeUART</name>
         <value>0x20011301</value>
         <object_component_ref idref="oc-246"/>
      </symbol>
      <symbol id="sm-53d">
         <name>PinUnlock</name>
         <value>0x200111bb</value>
         <object_component_ref idref="oc-2da"/>
      </symbol>
      <symbol id="sm-5ef">
         <name>PRCMCC3200MCUInit</name>
         <value>0x2000c8ad</value>
         <object_component_ref idref="oc-d2"/>
      </symbol>
      <symbol id="sm-5f0">
         <name>PRCMHIBRegRead</name>
         <value>0x20011497</value>
         <object_component_ref idref="oc-107"/>
      </symbol>
      <symbol id="sm-5f1">
         <name>PRCMHIBRegWrite</name>
         <value>0x200114b1</value>
         <object_component_ref idref="oc-106"/>
      </symbol>
      <symbol id="sm-5f2">
         <name>PRCMHibernateWakeUpGPIOSelect</name>
         <value>0x2000f289</value>
         <object_component_ref idref="oc-18f"/>
      </symbol>
      <symbol id="sm-5f3">
         <name>PRCMHibernateWakeupSourceDisable</name>
         <value>0x2000f9e9</value>
         <object_component_ref idref="oc-191"/>
      </symbol>
      <symbol id="sm-5f4">
         <name>PRCMHibernateWakeupSourceEnable</name>
         <value>0x2000fd59</value>
         <object_component_ref idref="oc-190"/>
      </symbol>
      <symbol id="sm-5f5">
         <name>PRCMIntEnable</name>
         <value>0x20010055</value>
         <object_component_ref idref="oc-2d9"/>
      </symbol>
      <symbol id="sm-5f6">
         <name>PRCMLPDSEnter</name>
         <value>0x2000fc09</value>
         <object_component_ref idref="oc-2df"/>
      </symbol>
      <symbol id="sm-5f7">
         <name>PRCMLPDSEnterKeepDebugIf</name>
         <value>0x200101bb</value>
         <object_component_ref idref="oc-2de"/>
      </symbol>
      <symbol id="sm-5f8">
         <name>PRCMLPDSIntervalSet</name>
         <value>0x20010b91</value>
         <object_component_ref idref="oc-22a"/>
      </symbol>
      <symbol id="sm-5f9">
         <name>PRCMLPDSRestoreInfoSet</name>
         <value>0x2000fe95</value>
         <object_component_ref idref="oc-33f"/>
      </symbol>
      <symbol id="sm-5fa">
         <name>PRCMLPDSWakeUpGPIOSelect</name>
         <value>0x20010e49</value>
         <object_component_ref idref="oc-18e"/>
      </symbol>
      <symbol id="sm-5fb">
         <name>PRCMLPDSWakeupCauseGet</name>
         <value>0x20011a35</value>
         <object_component_ref idref="oc-2dc"/>
      </symbol>
      <symbol id="sm-5fc">
         <name>PRCMLPDSWakeupSourceDisable</name>
         <value>0x200114cb</value>
         <object_component_ref idref="oc-18d"/>
      </symbol>
      <symbol id="sm-5fd">
         <name>PRCMLPDSWakeupSourceEnable</name>
         <value>0x2001109d</value>
         <object_component_ref idref="oc-18c"/>
      </symbol>
      <symbol id="sm-5fe">
         <name>PRCMPeripheralClkDisable</name>
         <value>0x20010e73</value>
         <object_component_ref idref="oc-10a"/>
      </symbol>
      <symbol id="sm-5ff">
         <name>PRCMPeripheralClkEnable</name>
         <value>0x2000fafd</value>
         <object_component_ref idref="oc-108"/>
      </symbol>
      <symbol id="sm-600">
         <name>PRCMPeripheralReset</name>
         <value>0x2000f669</value>
         <object_component_ref idref="oc-109"/>
      </symbol>
      <symbol id="sm-601">
         <name>PRCMPeripheralStatusGet</name>
         <value>0x2001009d</value>
         <object_component_ref idref="oc-23a"/>
      </symbol>
      <symbol id="sm-602">
         <name>PRCMSRAMRetentionEnable</name>
         <value>0x20010f8f</value>
         <object_component_ref idref="oc-2d1"/>
      </symbol>
      <symbol id="sm-603">
         <name>PRCMSleepEnter</name>
         <value>0x20011b21</value>
         <object_component_ref idref="oc-230"/>
      </symbol>
      <symbol id="sm-604">
         <name>PRCMSlowClkCtrFastGet</name>
         <value>0x20010bc1</value>
         <object_component_ref idref="oc-2c8"/>
      </symbol>
      <symbol id="sm-605">
         <name>PRCMSysResetCauseGet</name>
         <value>0x2000f009</value>
         <object_component_ref idref="oc-101"/>
      </symbol>
      <symbol id="sm-623">
         <name>SysTickEnable</name>
         <value>0x20011803</value>
         <object_component_ref idref="oc-22e"/>
      </symbol>
      <symbol id="sm-624">
         <name>SysTickIntDisable</name>
         <value>0x20011815</value>
         <object_component_ref idref="oc-225"/>
      </symbol>
      <symbol id="sm-625">
         <name>SysTickIntEnable</name>
         <value>0x20011827</value>
         <object_component_ref idref="oc-22f"/>
      </symbol>
      <symbol id="sm-626">
         <name>SysTickPeriodSet</name>
         <value>0x200115e9</value>
         <object_component_ref idref="oc-22d"/>
      </symbol>
      <symbol id="sm-665">
         <name>TimerControlStall</name>
         <value>0x200104ab</value>
         <object_component_ref idref="oc-2af"/>
      </symbol>
      <symbol id="sm-666">
         <name>TimerDisable</name>
         <value>0x200112e1</value>
         <object_component_ref idref="oc-2a8"/>
      </symbol>
      <symbol id="sm-667">
         <name>TimerEnable</name>
         <value>0x200114ff</value>
         <object_component_ref idref="oc-2b5"/>
      </symbol>
      <symbol id="sm-668">
         <name>TimerIntClear</name>
         <value>0x200118ed</value>
         <object_component_ref idref="oc-2b2"/>
      </symbol>
      <symbol id="sm-669">
         <name>TimerIntDisable</name>
         <value>0x200115ff</value>
         <object_component_ref idref="oc-382"/>
      </symbol>
      <symbol id="sm-66a">
         <name>TimerIntEnable</name>
         <value>0x2001170d</value>
         <object_component_ref idref="oc-2b3"/>
      </symbol>
      <symbol id="sm-66b">
         <name>TimerLoadSet</name>
         <value>0x20010bf1</value>
         <object_component_ref idref="oc-2ae"/>
      </symbol>
      <symbol id="sm-66c">
         <name>TimerPrescaleSet</name>
         <value>0x20010c21</value>
         <object_component_ref idref="oc-2ad"/>
      </symbol>
      <symbol id="sm-6d6">
         <name>UARTBusy</name>
         <value>0x2001191d</value>
         <object_component_ref idref="oc-34f"/>
      </symbol>
      <symbol id="sm-6d7">
         <name>UARTCharPutNonBlocking</name>
         <value>0x20010959</value>
         <object_component_ref idref="oc-34e"/>
      </symbol>
      <symbol id="sm-6d8">
         <name>UARTCharsAvail</name>
         <value>0x20011615</value>
         <object_component_ref idref="oc-27b"/>
      </symbol>
      <symbol id="sm-6d9">
         <name>UARTConfigSetExpClk</name>
         <value>0x2000f2fd</value>
         <object_component_ref idref="oc-253"/>
      </symbol>
      <symbol id="sm-6da">
         <name>UARTDMADisable</name>
         <value>0x2001162b</value>
         <object_component_ref idref="oc-26a"/>
      </symbol>
      <symbol id="sm-6db">
         <name>UARTDMAEnable</name>
         <value>0x20011721</value>
         <object_component_ref idref="oc-2ff"/>
      </symbol>
      <symbol id="sm-6dc">
         <name>UARTDisable</name>
         <value>0x20010d6b</value>
         <object_component_ref idref="oc-26c"/>
      </symbol>
      <symbol id="sm-6dd">
         <name>UARTEnable</name>
         <value>0x2001133d</value>
         <object_component_ref idref="oc-259"/>
      </symbol>
      <symbol id="sm-6de">
         <name>UARTFIFOLevelSet</name>
         <value>0x20011641</value>
         <object_component_ref idref="oc-25b"/>
      </symbol>
      <symbol id="sm-6df">
         <name>UARTFlowControlSet</name>
         <value>0x20011519</value>
         <object_component_ref idref="oc-25c"/>
      </symbol>
      <symbol id="sm-6e0">
         <name>UARTIntClear</name>
         <value>0x2001192d</value>
         <object_component_ref idref="oc-258"/>
      </symbol>
      <symbol id="sm-6e1">
         <name>UARTIntDisable</name>
         <value>0x20011657</value>
         <object_component_ref idref="oc-269"/>
      </symbol>
      <symbol id="sm-6e2">
         <name>UARTIntEnable</name>
         <value>0x20011735</value>
         <object_component_ref idref="oc-25a"/>
      </symbol>
      <symbol id="sm-6e3">
         <name>UARTIntStatus</name>
         <value>0x20010e9d</value>
         <object_component_ref idref="oc-276"/>
      </symbol>
      <symbol id="sm-6e4">
         <name>UARTRxErrorGet</name>
         <value>0x2001193d</value>
         <object_component_ref idref="oc-278"/>
      </symbol>
      <symbol id="sm-73d">
         <name>uDMAChannelAssign</name>
         <value>0x2000fdf9</value>
         <object_component_ref idref="oc-25d"/>
      </symbol>
      <symbol id="sm-73e">
         <name>uDMAChannelAttributeDisable</name>
         <value>0x2000eee7</value>
         <object_component_ref idref="oc-25e"/>
      </symbol>
      <symbol id="sm-73f">
         <name>uDMAChannelControlSet</name>
         <value>0x20010631</value>
         <object_component_ref idref="oc-2fc"/>
      </symbol>
      <symbol id="sm-740">
         <name>uDMAChannelDisable</name>
         <value>0x20011379</value>
         <object_component_ref idref="oc-2f6"/>
      </symbol>
      <symbol id="sm-741">
         <name>uDMAChannelEnable</name>
         <value>0x20011397</value>
         <object_component_ref idref="oc-2fe"/>
      </symbol>
      <symbol id="sm-742">
         <name>uDMAChannelIsEnabled</name>
         <value>0x200113b5</value>
         <object_component_ref idref="oc-279"/>
      </symbol>
      <symbol id="sm-743">
         <name>uDMAChannelSizeGet</name>
         <value>0x2000ffc1</value>
         <object_component_ref idref="oc-2f7"/>
      </symbol>
      <symbol id="sm-744">
         <name>uDMAChannelTransferSet</name>
         <value>0x2000e097</value>
         <object_component_ref idref="oc-2fd"/>
      </symbol>
      <symbol id="sm-745">
         <name>uDMAControlBaseSet</name>
         <value>0x2001175d</value>
         <object_component_ref idref="oc-250"/>
      </symbol>
      <symbol id="sm-746">
         <name>uDMAEnable</name>
         <value>0x200119b5</value>
         <object_component_ref idref="oc-24b"/>
      </symbol>
      <symbol id="sm-747">
         <name>uDMAErrorStatusClear</name>
         <value>0x200119c3</value>
         <object_component_ref idref="oc-389"/>
      </symbol>
      <symbol id="sm-748">
         <name>uDMAErrorStatusGet</name>
         <value>0x20011aad</value>
         <object_component_ref idref="oc-388"/>
      </symbol>
      <symbol id="sm-749">
         <name>uDMAIntClear</name>
         <value>0x20011771</value>
         <object_component_ref idref="oc-2f8"/>
      </symbol>
      <symbol id="sm-754">
         <name>UtilsDelay</name>
         <value>0x20011b29</value>
         <object_component_ref idref="oc-102"/>
      </symbol>
      <symbol id="sm-781">
         <name>FlashDisable</name>
         <value>0x2000f931</value>
         <object_component_ref idref="oc-341"/>
      </symbol>
      <symbol id="sm-792">
         <name>snprintf</name>
         <value>0x20010425</value>
         <object_component_ref idref="oc-14c"/>
      </symbol>
      <symbol id="sm-7b2">
         <name>malloc</name>
         <value>0x20011b41</value>
         <object_component_ref idref="oc-234"/>
      </symbol>
      <symbol id="sm-7b3">
         <name>aligned_alloc</name>
         <value>0x2000de5d</value>
         <object_component_ref idref="oc-2e2"/>
      </symbol>
      <symbol id="sm-7b4">
         <name>free</name>
         <value>0x2000e2a5</value>
         <object_component_ref idref="oc-19e"/>
      </symbol>
      <symbol id="sm-7b5">
         <name>_sys_memory</name>
         <value>0x20004040</value>
         <object_component_ref idref="oc-31"/>
      </symbol>
      <symbol id="sm-7b6">
         <name>memalign</name>
         <value>0x2000de5d</value>
         <object_component_ref idref="oc-2e2"/>
      </symbol>
      <symbol id="sm-7c1">
         <name>_c_int00_noargs</name>
         <value>0x20011175</value>
         <object_component_ref idref="oc-76"/>
      </symbol>
      <symbol id="sm-7c2">
         <name>__stack</name>
         <value>0x20003000</value>
         <object_component_ref idref="oc-16"/>
      </symbol>
      <symbol id="sm-7ce">
         <name>__TI_auto_init_nobinit_nopinit</name>
         <value>0x200108b5</value>
         <object_component_ref idref="oc-bf"/>
      </symbol>
      <symbol id="sm-7d6">
         <name>_system_pre_init</name>
         <value>0x20011b89</value>
         <object_component_ref idref="oc-8b"/>
      </symbol>
      <symbol id="sm-7e1">
         <name>__TI_zero_init</name>
         <value>0x2001196d</value>
         <object_component_ref idref="oc-49"/>
      </symbol>
      <symbol id="sm-7ea">
         <name>__TI_decompress_none</name>
         <value>0x200119df</value>
         <object_component_ref idref="oc-1c"/>
      </symbol>
      <symbol id="sm-7f4">
         <name>__TI_decompress_lzss</name>
         <value>0x2000f371</value>
         <object_component_ref idref="oc-18"/>
      </symbol>
      <symbol id="sm-814">
         <name>__TI_printfi_nofloat</name>
         <value>0x2000c041</value>
         <object_component_ref idref="oc-29b"/>
      </symbol>
      <symbol id="sm-81d">
         <name>wcslen</name>
         <value>0x2001195d</value>
         <object_component_ref idref="oc-31a"/>
      </symbol>
      <symbol id="sm-828">
         <name>__aeabi_errno_addr</name>
         <value>0x20011b31</value>
         <object_component_ref idref="oc-31e"/>
      </symbol>
      <symbol id="sm-829">
         <name>__aeabi_errno</name>
         <value>0x2001339c</value>
         <object_component_ref idref="oc-35a"/>
      </symbol>
      <symbol id="sm-833">
         <name>abort</name>
         <value>0x20011b8d</value>
         <object_component_ref idref="oc-b8"/>
      </symbol>
      <symbol id="sm-834">
         <name>C$$EXIT</name>
         <value>0x20011b8c</value>
         <object_component_ref idref="oc-b8"/>
      </symbol>
      <symbol id="sm-83d">
         <name>_nop</name>
         <value>0x2000fb57</value>
         <object_component_ref idref="oc-17d"/>
      </symbol>
      <symbol id="sm-83e">
         <name>_lock</name>
         <value>0x200133a0</value>
         <object_component_ref idref="oc-f7"/>
      </symbol>
      <symbol id="sm-83f">
         <name>_unlock</name>
         <value>0x200133a4</value>
         <object_component_ref idref="oc-fa"/>
      </symbol>
      <symbol id="sm-84c">
         <name>atoi</name>
         <value>0x200105f1</value>
         <object_component_ref idref="oc-316"/>
      </symbol>
      <symbol id="sm-856">
         <name>memccpy</name>
         <value>0x2001135b</value>
         <object_component_ref idref="oc-30f"/>
      </symbol>
      <symbol id="sm-85e">
         <name>__aeabi_ctype_table_</name>
         <value>0x20012620</value>
         <object_component_ref idref="oc-353"/>
      </symbol>
      <symbol id="sm-85f">
         <name>__aeabi_ctype_table_C</name>
         <value>0x20012620</value>
         <object_component_ref idref="oc-353"/>
      </symbol>
      <symbol id="sm-877">
         <name>__aeabi_dmul</name>
         <value>0x2000e1a9</value>
         <object_component_ref idref="oc-2ba"/>
      </symbol>
      <symbol id="sm-878">
         <name>__muldf3</name>
         <value>0x2000e1a9</value>
         <object_component_ref idref="oc-2ba"/>
      </symbol>
      <symbol id="sm-87e">
         <name>__aeabi_d2iz</name>
         <value>0x2001012d</value>
         <object_component_ref idref="oc-2be"/>
      </symbol>
      <symbol id="sm-87f">
         <name>__fixdfsi</name>
         <value>0x2001012d</value>
         <object_component_ref idref="oc-2be"/>
      </symbol>
      <symbol id="sm-885">
         <name>__aeabi_i2d</name>
         <value>0x20010d99</value>
         <object_component_ref idref="oc-2b6"/>
      </symbol>
      <symbol id="sm-886">
         <name>__floatsidf</name>
         <value>0x20010d99</value>
         <object_component_ref idref="oc-2b6"/>
      </symbol>
      <symbol id="sm-88c">
         <name>__aeabi_memcpy</name>
         <value>0x20011b85</value>
         <object_component_ref idref="oc-3c"/>
      </symbol>
      <symbol id="sm-88d">
         <name>__aeabi_memcpy4</name>
         <value>0x20011b85</value>
         <object_component_ref idref="oc-3c"/>
      </symbol>
      <symbol id="sm-88e">
         <name>__aeabi_memcpy8</name>
         <value>0x20011b85</value>
         <object_component_ref idref="oc-3c"/>
      </symbol>
      <symbol id="sm-897">
         <name>__aeabi_memset</name>
         <value>0x20011af5</value>
         <object_component_ref idref="oc-30e"/>
      </symbol>
      <symbol id="sm-898">
         <name>__aeabi_memset4</name>
         <value>0x20011af5</value>
         <object_component_ref idref="oc-30e"/>
      </symbol>
      <symbol id="sm-899">
         <name>__aeabi_memset8</name>
         <value>0x20011af5</value>
         <object_component_ref idref="oc-30e"/>
      </symbol>
      <symbol id="sm-89a">
         <name>__aeabi_memclr</name>
         <value>0x20011b39</value>
         <object_component_ref idref="oc-67"/>
      </symbol>
      <symbol id="sm-89b">
         <name>__aeabi_memclr4</name>
         <value>0x20011b39</value>
         <object_component_ref idref="oc-67"/>
      </symbol>
      <symbol id="sm-89c">
         <name>__aeabi_memclr8</name>
         <value>0x20011b39</value>
         <object_component_ref idref="oc-67"/>
      </symbol>
      <symbol id="sm-8a2">
         <name>__aeabi_uldivmod</name>
         <value>0x20011749</value>
         <object_component_ref idref="oc-221"/>
      </symbol>
      <symbol id="sm-8a8">
         <name>__udivmoddi4</name>
         <value>0x2000e93d</value>
         <object_component_ref idref="oc-2c9"/>
      </symbol>
      <symbol id="sm-8b3">
         <name>__aeabi_ldiv0</name>
         <value>0x2000f80b</value>
         <object_component_ref idref="oc-335"/>
      </symbol>
      <symbol id="sm-8bc">
         <name>TI_memcpy_small</name>
         <value>0x2001184b</value>
         <object_component_ref idref="oc-81"/>
      </symbol>
      <symbol id="sm-8c4">
         <name>TI_memset_small</name>
         <value>0x200119d1</value>
         <object_component_ref idref="oc-9e"/>
      </symbol>
      <symbol id="sm-8c5">
         <name>__TI_static_base__</name>
         <value>0x200133b0</value>
      </symbol>
      <symbol id="sm-8c8">
         <name>ITM_flush</name>
         <value>0x0</value>
      </symbol>
      <symbol id="sm-8c9">
         <name>ITM_restore</name>
         <value>0x0</value>
      </symbol>
      <symbol id="sm-8ca">
         <name>__mpu_init</name>
         <value>0x0</value>
      </symbol>
      <symbol id="sm-8cb">
         <name>_system_post_cinit</name>
         <value>0x0</value>
      </symbol>
   </symbol_table>
   <title>Link successful</title>
</link_info>
