******************************************************************************
            TI ARM Clang Linker PC v3.2.0                      
******************************************************************************
>> Linked Thu Feb 22 03:01:31 2024

OUTPUT FILE NAME:   <gpiointerrupt_CC3220S_LAUNCHXL_nortos_ticlang.out>
ENTRY POINT SYMBOL: "resetISR"  address: 20011461


MEMORY CONFIGURATION

         name            origin    length      used     unused   attr    fill
----------------------  --------  ---------  --------  --------  ----  --------
  SRAM2                 20000000   00004000  0000130c  00002cf4  RW X
  SRAM                  20004000   0003c000  0000f426  0002cbda  RW X
  LOG_DATA              90000000   00040000  00000000  00040000  R   
  LOG_PTR               94000008   00040000  00000000  00040000  R   


SEGMENT ALLOCATION MAP

run origin  load origin   length   init length attrs members
----------  ----------- ---------- ----------- ----- -------
20003000    20003000    00001000   00000000    rw-
  20003000    20003000    00001000   00000000    rw- .stack
20004000    20004000    00000040   00000040    r--
  20004000    20004000    00000040   00000040    r-- .resetVecs
20004040    20004040    00008000   00000000    rw-
  20004040    20004040    00008000   00000000    rw- .sysmem
2000c040    2000c040    00005b50   00005b50    r-x
  2000c040    2000c040    00005b50   00005b50    r-x .text
20011c00    20011c00    00000a14   00000000    rw-
  20011c00    20011c00    00000a14   00000000    rw- .bss
20012620    20012620    000006f5   000006f5    r--
  20012620    20012620    000006f5   000006f5    r-- .rodata
20012d18    20012d18    00000695   00000000    rw-
  20012d18    20012d18    00000695   00000000    rw- .data
200133b0    200133b0    000000f8   000000f8    r--
  200133b0    200133b0    000000f8   000000f8    r-- .cinit


SECTION ALLOCATION MAP

 output                                  attributes/
section   page    origin      length       input sections
--------  ----  ----------  ----------   ----------------
.text      0    2000c040    00005b50     
                  2000c040    0000086c     libc.a : _printfi.c.obj (.text:__TI_printfi_nofloat)
                  2000c8ac    000004b8     driverlib.a : prcm.obj (.text.PRCMCC3200MCUInit)
                  2000cd64    000003e4     drivers_cc32xx.a : PowerCC32XX.c.obj (.text.Power_sleep)
                  2000d148    00000222                      : UART2CC32XX.c.obj (.text.UART2CC32XX_hwiIntFxn)
                  2000d36a    00000002     ti_drivers_config.o (.text.Board_initHook)
                  2000d36c    000001cc     drivers_cc32xx.a : UART2CC32XX.c.obj (.text.UART2_open)
                  2000d538    00000178     gpiointerrupt.o (.text.initI2C)
                  2000d6b0    00000174     drivers_cc32xx.a : UART2.c.obj (.text.UART2_writeTimeoutBlocking)
                  2000d824    00000150     nortos_cc32xx.a : PowerCC32XX_nortos.c.obj (.text.PowerCC32XX_sleepPolicy)
                  2000d974    00000148     drivers_cc32xx.a : TimerCC32XX.c.obj (.text.Timer_open)
                  2000dabc    00000140                      : GPIOCC32XX.c.obj (.text.GPIO_setConfig)
                  2000dbfc    00000138                      : I2CCC32XX.c.obj (.text.I2CCC32XX_hwiFxn)
                  2000dd34    00000126                      : I2C.c.obj (.text.I2C_transferTimeout)
                  2000de5a    00000002                      : I2C.c.obj (.text.I2C_init)
                  2000de5c    00000120     libc.a : memory.c.obj (.text.aligned_alloc)
                  2000df7c    0000011a     drivers_cc32xx.a : UART2.c.obj (.text.UART2_writeTimeoutNonblocking)
                  2000e096    00000112     driverlib.a : udma.obj (.text.uDMAChannelTransferSet)
                  2000e1a8    000000fc     libclang_rt.builtins.a : muldf3.S.obj (.text.__muldf3)
                  2000e2a4    000000f0     libc.a : memory.c.obj (.text.free)
                  2000e394    000000e8     drivers_cc32xx.a : I2CCC32XX.c.obj (.text.I2C_open)
                  2000e47c    000000e8                      : UART2CC32XX.c.obj (.text.UART2_close)
                  2000e564    000000cc                      : UART2CC32XX.c.obj (.text.UART2Support_dmaStartRx)
                  2000e630    000000c8     driverlib.a : interrupt.obj (.text.IntDisable)
                  2000e6f8    000000c8                 : interrupt.obj (.text.IntEnable)
                  2000e7c0    000000c4     drivers_cc32xx.a : UART2CC32XX.c.obj (.text.UART2CC32XX_initHw)
                  2000e884    000000b8                      : UART2CC32XX.c.obj (.text.UART2Support_dmaStartTx)
                  2000e93c    000000b0     libclang_rt.builtins.a : udivmoddi4.S.obj (.text)
                  2000e9ec    000000ac     driverlib.a : gpio.obj (.text.GPIOIntTypeSet)
                  2000ea98    000000a4                 : interrupt.obj (.text.IntPendSet)
                  2000eb3c    000000a2                 : pin.obj (.text.PinConfigSet)
                  2000ebde    0000009c     drivers_cc32xx.a : I2CCC32XX.c.obj (.text.I2CCC32XX_completeTransfer)
                  2000ec7a    00000002     nortos_cc32xx.a : PowerCC32XX_nortos.c.obj (.text.PowerCC32XX_initPolicy)
                  2000ec7c    0000009c     gpiointerrupt.o (.text.readTemp)
                  2000ed18    00000098     driverlib.a : i2c.obj (.text.I2CMasterInitExpClk)
                  2000edb0    00000098     nortos_cc32xx.a : SemaphoreP_nortos.c.obj (.text.SemaphoreP_pend)
                  2000ee48    00000008                     : HwiPCC32XX_nortos.c.obj (.text.HwiP_disable)
                  2000ee50    00000096     drivers_cc32xx.a : PowerCC32XX_ticlang.asm.obj (.text)
                  2000eee6    00000092     driverlib.a : udma.obj (.text.uDMAChannelAttributeDisable)
                  2000ef78    00000090     drivers_cc32xx.a : GPIOCC32XX.c.obj (.text.GPIO_init)
                  2000f008    0000008e     driverlib.a : prcm.obj (.text.PRCMSysResetCauseGet)
                  2000f096    00000002     nortos_cc32xx.a : SemaphoreP_nortos.c.obj (.text.SemaphoreP_destruct)
                  2000f098    00000088     drivers_cc32xx.a : PowerCC32XX.c.obj (.text.PowerCC32XX_configureWakeup)
                  2000f120    0000007a                      : I2CCC32XX.c.obj (.text.I2CCC32XX_primeReadBurst)
                  2000f19a    00000002                      : Timer.c.obj (.text.Timer_init)
                  2000f19c    00000078                      : PowerCC32XX.c.obj (.text.Power_init)
                  2000f214    00000074     nortos_cc32xx.a : HwiPCC32XX_nortos.c.obj (.text.HwiP_construct)
                  2000f288    00000074     driverlib.a : prcm.obj (.text.PRCMHibernateWakeUpGPIOSelect)
                  2000f2fc    00000074                 : uart.obj (.text.UARTConfigSetExpClk)
                  2000f370    00000070     libc.a : copy_decompress_lzss.c.obj (.text:decompress:lzss)
                  2000f3e0    0000006c     driverlib.a : pin.obj (.text.PinLockLevelSet)
                  2000f44c    0000006c     drivers_cc32xx.a : PowerCC32XX.c.obj (.text.Power_setDependency)
                  2000f4b8    0000006c                      : UDMACC32XX.c.obj (.text.UDMACC32XX_open)
                  2000f524    0000006c                      : GPIOCC32XX.c.obj (.text.powerNotifyFxn)
                  2000f590    0000006c     gpiointerrupt.o (.text.setHeatMode)
                  2000f5fc    0000006c     libc.a : memory.c.obj (.text.split)
                  2000f668    0000006a     driverlib.a : prcm.obj (.text.PRCMPeripheralReset)
                  2000f6d2    00000002     drivers_cc32xx.a : UART2CC32XX.c.obj (.text.UART2CC32XX_eventCallback)
                  2000f6d4    00000068                      : I2CCC32XX.c.obj (.text.I2CCC32XX_initHw)
                  2000f73c    00000068     driverlib.a : interrupt.obj (.text.IntPendClear)
                  2000f7a4    00000066     drivers_cc32xx.a : I2CCC32XX.c.obj (.text.I2CCC32XX_primeWriteBurst)
                  2000f80a    00000002     libclang_rt.builtins.a : aeabi_div0.c.obj (.text.__aeabi_ldiv0)
                  2000f80c    00000064     gpiointerrupt.o (.text.mainThread)
                  2000f870    00000060     drivers_cc32xx.a : GPIOCC32XX.c.obj (.text.GPIO_write)
                  2000f8d0    00000060                      : UART2CC32XX.c.obj (.text.UART2Support_dmaStopTx)
                  2000f930    0000005c     driverlib.a : flash.obj (.text.FlashDisable)
                  2000f98c    0000005c     drivers_cc32xx.a : I2CCC32XX.c.obj (.text.I2CSupport_primeTransfer)
                  2000f9e8    0000005c     driverlib.a : prcm.obj (.text.PRCMHibernateWakeupSourceDisable)
                  2000fa44    0000005c     drivers_cc32xx.a : TimerCC32XX.c.obj (.text.TimerCC32XX_allocateTimerResource)
                  2000faa0    0000005c     gpiointerrupt.o (.text.initGPIO)
                  2000fafc    0000005a     driverlib.a : prcm.obj (.text.PRCMPeripheralClkEnable)
                  2000fb56    00000002     libc.a : _lock.c.obj (.text._nop)
                  2000fb58    00000058     nortos_cc32xx.a : ClockPSysTick_nortos.c.obj (.text.ClockP_startup)
                  2000fbb0    00000058     driverlib.a : interrupt.obj (.text.IntPrioritySet)
                  2000fc08    00000056                 : prcm.obj (.text.PRCMLPDSEnter)
                  2000fc5e    00000002     nortos_cc32xx.a : startup_cc32xx_ticlang.c.obj (.text.busFaultHandler)
                  2000fc60    00000054     drivers_cc32xx.a : PowerCC32XX.c.obj (.text.PowerCC32XX_setParkState)
                  2000fcb4    00000054                      : PowerCC32XX.c.obj (.text.Power_releaseDependency)
                  2000fd08    00000050                      : GPIOCC32XX.c.obj (.text.GPIO_hwiIntFxn)
                  2000fd58    00000050     driverlib.a : prcm.obj (.text.PRCMHibernateWakeupSourceEnable)
                  2000fda8    00000050     nortos_cc32xx.a : SemaphoreP_nortos.c.obj (.text.SemaphoreP_construct)
                  2000fdf8    0000004e     driverlib.a : udma.obj (.text.uDMAChannelAssign)
                  2000fe46    00000002     nortos_cc32xx.a : SemaphoreP_nortos.c.obj (.text.clkFxn)
                  2000fe48    0000004c     drivers_cc32xx.a : GPIOCC32XX.c.obj (.text.GPIO_setInterruptConfig)
                  2000fe94    0000004c     driverlib.a : prcm.obj (.text.PRCMLPDSRestoreInfoSet)
                  2000fee0    0000004c     drivers_cc32xx.a : TimerCC32XX.c.obj (.text.initHw)
                  2000ff2c    0000004a                      : UART2CC32XX.c.obj (.text.UART2Support_dmaStopRx)
                  2000ff76    0000004a                      : TimerCC32XX.c.obj (.text.getPrescaler)
                  2000ffc0    0000004a     driverlib.a : udma.obj (.text.uDMAChannelSizeGet)
                  2001000a    00000002     nortos_cc32xx.a : startup_cc32xx_ticlang.c.obj (.text.defaultHandler)
                  2001000c    00000048                     : ClockPSysTick_nortos.c.obj (.text.ClockP_sysTickHandler)
                  20010054    00000048     driverlib.a : prcm.obj (.text.PRCMIntEnable)
                  2001009c    00000048                 : prcm.obj (.text.PRCMPeripheralStatusGet)
                  200100e4    00000048                 : pin.obj (.text.PinConfigGet)
                  2001012c    00000048     libclang_rt.builtins.a : fixdfsi.S.obj (.text.__fixdfsi)
                  20010174    00000046     drivers_cc32xx.a : I2CCC32XX.c.obj (.text.I2CCC32XX_fillTransmitFifo)
                  200101ba    00000046     driverlib.a : prcm.obj (.text.PRCMLPDSEnterKeepDebugIf)
                  20010200    00000046     drivers_cc32xx.a : RingBuf.c.obj (.text.RingBuf_put)
                  20010246    00000044     driverlib.a : gpio.obj (.text.GPIODirModeSet)
                  2001028a    00000002     nortos_cc32xx.a : startup_cc32xx_ticlang.c.obj (.text.faultISR)
                  2001028c    00000044     drivers_cc32xx.a : GPIOCC32XX.c.obj (.text.GPIO_disableInt)
                  200102d0    00000044                      : GPIOCC32XX.c.obj (.text.GPIO_enableInt)
                  20010314    00000044                      : PowerCC32XX.c.obj (.text.Power_releaseConstraint)
                  20010358    00000044                      : Timer.c.obj (.text.Timer_start)
                  2001039c    00000044     nortos_cc32xx.a : ClockPSysTick_nortos.c.obj (.text.addToList)
                  200103e0    00000044     gpiointerrupt.o (.text.initTimer)
                  20010424    00000044     libc.a : snprintf.c.obj (.text.snprintf)
                  20010468    00000042     driverlib.a : pin.obj (.text.PinModeSet)
                  200104aa    00000042                 : timer.obj (.text.TimerControlStall)
                  200104ec    00000042     drivers_cc32xx.a : TimerCC32XX.c.obj (.text.Timer_close)
                  2001052e    00000042     nortos_cc32xx.a : PowerCC32XX_nortos.c.obj (.text.getCountsRTC)
                  20010570    00000040                     : SemaphoreP_nortos.c.obj (.text.SemaphoreP_post)
                  200105b0    00000040     drivers_cc32xx.a : Timer.c.obj (.text.Timer_stop)
                  200105f0    00000040     libc.a : atoi.c.obj (.text.atoi)
                  20010630    00000040     driverlib.a : udma.obj (.text.uDMAChannelControlSet)
                  20010670    0000003e                 : pin.obj (.text.PinDirModeSet)
                  200106ae    00000002     nortos_cc32xx.a : startup_cc32xx_ticlang.c.obj (.text.nmiISR)
                  200106b0    0000003c                     : ClockPSysTick_nortos.c.obj (.text.ClockP_stop)
                  200106ec    0000003c     drivers_cc32xx.a : UDMACC32XX.c.obj (.text.UDMACC32XX_init)
                  20010728    0000003a                      : TimerCC32XX.c.obj (.text.TimerSupport_timerEnable)
                  20010762    00000002     --HOLE-- [fill = 0]
                  20010764    00000038     nortos_cc32xx.a : ClockPSysTick_nortos.c.obj (.text.ClockP_destruct)
                  2001079c    00000038     drivers_cc32xx.a : PowerCC32XX.c.obj (.text.Power_setConstraint)
                  200107d4    00000038                      : RingBuf.c.obj (.text.RingBuf_putAdvance)
                  2001080c    00000038     nortos_cc32xx.a : SwiP_nortos.c.obj (.text.SwiP_restore)
                  20010844    00000038     drivers_cc32xx.a : UDMACC32XX.c.obj (.text.UDMACC32XX_close)
                  2001087c    00000038     gpiointerrupt.o (.text.adjustSetPointTemperature)
                  200108b4    00000038     libc.a : autoinit.c.obj (.text:__TI_auto_init_nobinit_nopinit)
                  200108ec    00000036     driverlib.a : pin.obj (.text.PinLock)
                  20010922    00000036     drivers_cc32xx.a : TimerCC32XX.c.obj (.text.TimerCC32XX_hwiIntFunction)
                  20010958    00000036     driverlib.a : uart.obj (.text.UARTCharPutNonBlocking)
                  2001098e    00000002     --HOLE-- [fill = 0]
                  20010990    00000034     nortos_cc32xx.a : ClockPSysTick_nortos.c.obj (.text.ClockP_start)
                  200109c4    00000034     driverlib.a : i2c.obj (.text.I2CFIFODataPutNonBlocking)
                  200109f8    00000034                 : pin.obj (.text.PinDirModeGet)
                  20010a2c    00000034                 : pin.obj (.text.PinModeGet)
                  20010a60    00000034     drivers_cc32xx.a : PowerCC32XX.c.obj (.text.PowerCC32XX_parkPin)
                  20010a94    00000034                      : TimerCC32XX.c.obj (.text.TimerCC32XX_freeTimerResource)
                  20010ac8    00000034                      : UART2.c.obj (.text.UART2_rxDisable)
                  20010afc    00000034     nortos_cc32xx.a : startup_cc32xx_ticlang.c.obj (.text.initVectors)
                  20010b30    00000030                     : ClockPSysTick_nortos.c.obj (.text.ClockP_getTicksUntilInterrupt)
                  20010b60    00000030     driverlib.a : i2c.obj (.text.I2CFIFODataGetNonBlocking)
                  20010b90    00000030                 : prcm.obj (.text.PRCMLPDSIntervalSet)
                  20010bc0    00000030                 : prcm.obj (.text.PRCMSlowClkCtrFastGet)
                  20010bf0    00000030                 : timer.obj (.text.TimerLoadSet)
                  20010c20    00000030                 : timer.obj (.text.TimerPrescaleSet)
                  20010c50    00000030     libc.a : snprintf.c.obj (.text._outs)
                  20010c80    00000030     gpiointerrupt.o (.text.initUART)
                  20010cb0    00000030     drivers_cc32xx.a : PowerCC32XX.c.obj (.text.notify)
                  20010ce0    0000002e     driverlib.a : gpio.obj (.text.GPIOIntStatus)
                  20010d0e    0000002e     drivers_cc32xx.a : RingBuf.c.obj (.text.RingBuf_getConsume)
                  20010d3c    0000002e                      : RingBuf.c.obj (.text.RingBuf_putPointer)
                  20010d6a    0000002e     driverlib.a : uart.obj (.text.UARTDisable)
                  20010d98    0000002e     libclang_rt.builtins.a : floatsidf.S.obj (.text.__floatsidf)
                  20010dc6    0000002c     driverlib.a : i2c.obj (.text.I2CMasterIntStatusEx)
                  20010df2    0000002c     drivers_cc32xx.a : UART2CC32XX.c.obj (.text.UART2CC32XX_getRxData)
                  20010e1e    0000002a     nortos_cc32xx.a : HwiPCC32XX_nortos.c.obj (.text.HwiP_create)
                  20010e48    0000002a     driverlib.a : prcm.obj (.text.PRCMLPDSWakeUpGPIOSelect)
                  20010e72    0000002a                 : prcm.obj (.text.PRCMPeripheralClkDisable)
                  20010e9c    0000002a                 : uart.obj (.text.UARTIntStatus)
                  20010ec6    00000028                 : i2c.obj (.text.I2CMasterBusBusy)
                  20010eee    00000028                 : i2c.obj (.text.I2CMasterSlaveAddrSet)
                  20010f16    00000028                 : i2c.obj (.text.I2CTxFIFOConfigSet)
                  20010f3e    00000028     drivers_cc32xx.a : I2C.c.obj (.text.I2C_cancel)
                  20010f66    00000028                      : List.c.obj (.text.List_remove)
                  20010f8e    00000028     driverlib.a : prcm.obj (.text.PRCMSRAMRetentionEnable)
                  20010fb6    00000002     --HOLE-- [fill = 0]
                  20010fb8    00000028     drivers_cc32xx.a : PowerCC32XX.c.obj (.text.PowerCC32XX_getParkState)
                  20010fe0    00000028                      : TimerCC32XX.c.obj (.text.TimerSupport_timerDisable)
                  20011008    00000028     libc.a : memory.c.obj (.text.free_list_insert)
                  20011030    00000024     driverlib.a : i2c.obj (.text.I2CRxFIFOConfigSet)
                  20011054    00000024                 : interrupt.obj (.text.IntUnregister)
                  20011078    00000024     drivers_cc32xx.a : List.c.obj (.text.List_put)
                  2001109c    00000024     driverlib.a : prcm.obj (.text.PRCMLPDSWakeupSourceEnable)
                  200110c0    00000024     drivers_cc32xx.a : PowerCC32XX.c.obj (.text.PowerCC32XX_restoreParkState)
                  200110e4    00000024                      : PowerCC32XX.c.obj (.text.PowerCC32XX_restoreParkedPin)
                  20011108    00000024                      : PowerCC32XX.c.obj (.text.Power_registerNotify)
                  2001112c    00000024                      : UART2CC32XX.c.obj (.text.UART2Support_disableRx)
                  20011150    00000024     gpiointerrupt.o (.text.getAmbientTemperature)
                  20011174    00000024     libc.a : boot_cortex_m.c.obj (.text:_c_int00_noargs)
                  20011198    00000022     driverlib.a : gpio.obj (.text.GPIOPinWrite)
                  200111ba    00000022                 : pin.obj (.text.PinUnlock)
                  200111dc    00000022     drivers_cc32xx.a : RingBuf.c.obj (.text.RingBuf_getPointer)
                  200111fe    00000022                      : UART2CC32XX.c.obj (.text.UART2Support_sendData)
                  20011220    00000020     driverlib.a : interrupt.obj (.text.IntRegister)
                  20011240    00000020                 : pin.obj (.text.PinTypeI2C)
                  20011260    00000020     drivers_cc32xx.a : PowerCC32XX.c.obj (.text.PowerCC32XX_reset)
                  20011280    00000020                      : PowerCC32XX.c.obj (.text.Power_unregisterNotify)
                  200112a0    00000020     nortos_cc32xx.a : SemaphoreP_nortos.c.obj (.text.SemaphoreP_constructBinary)
                  200112c0    00000020                     : SemaphoreP_nortos.c.obj (.text.SemaphoreP_createBinary)
                  200112e0    00000020     driverlib.a : timer.obj (.text.TimerDisable)
                  20011300    0000001e                 : pin.obj (.text.PinTypeUART)
                  2001131e    0000001e     drivers_cc32xx.a : UART2.c.obj (.text.UART2_writeTimeout)
                  2001133c    0000001e     driverlib.a : uart.obj (.text.UARTEnable)
                  2001135a    0000001e     libc.a : memccpy.c.obj (.text.memccpy)
                  20011378    0000001e     driverlib.a : udma.obj (.text.uDMAChannelDisable)
                  20011396    0000001e                 : udma.obj (.text.uDMAChannelEnable)
                  200113b4    0000001e                 : udma.obj (.text.uDMAChannelIsEnabled)
                  200113d2    00000002     --HOLE-- [fill = 0]
                  200113d4    0000001c     drivers_cc32xx.a : GPIO.c.obj (.text.GPIO_setCallback)
                  200113f0    0000001c     nortos_cc32xx.a : HwiPCC32XX_nortos.c.obj (.text.HwiP_dispatch)
                  2001140c    0000001c                     : SwiP_nortos.c.obj (.text.SwiP_disable)
                  20011428    0000001c     libc.a : memory.c.obj (.text.free_list_remove)
                  20011444    0000001c     drivers_cc32xx.a : TimerCC32XX.c.obj (.text.getPowerMgrId)
                  20011460    0000001c     nortos_cc32xx.a : startup_cc32xx_ticlang.c.obj (.text.resetISR)
                  2001147c    0000001a     driverlib.a : gpio.obj (.text.GPIOIntDisable)
                  20011496    0000001a                 : prcm.obj (.text.PRCMHIBRegRead)
                  200114b0    0000001a                 : prcm.obj (.text.PRCMHIBRegWrite)
                  200114ca    0000001a                 : prcm.obj (.text.PRCMLPDSWakeupSourceDisable)
                  200114e4    0000001a                 : pin.obj (.text.PinToPadGet)
                  200114fe    0000001a                 : timer.obj (.text.TimerEnable)
                  20011518    0000001a                 : uart.obj (.text.UARTFlowControlSet)
                  20011532    00000018                 : gpio.obj (.text.GPIOIntEnable)
                  2001154a    00000018     nortos_cc32xx.a : SemaphoreP_nortos.c.obj (.text.SemaphoreP_create)
                  20011562    00000018     libc.a : snprintf.c.obj (.text._outc)
                  2001157a    00000016     ti_drivers_config.o (.text.Board_init)
                  20011590    00000016     driverlib.a : i2c.obj (.text.I2CMasterBurstLengthSet)
                  200115a6    00000016                 : i2c.obj (.text.I2CMasterIntDisableEx)
                  200115bc    00000016                 : i2c.obj (.text.I2CRxFIFOFlush)
                  200115d2    00000016                 : i2c.obj (.text.I2CTxFIFOFlush)
                  200115e8    00000016                 : systick.obj (.text.SysTickPeriodSet)
                  200115fe    00000016                 : timer.obj (.text.TimerIntDisable)
                  20011614    00000016                 : uart.obj (.text.UARTCharsAvail)
                  2001162a    00000016                 : uart.obj (.text.UARTDMADisable)
                  20011640    00000016                 : uart.obj (.text.UARTFIFOLevelSet)
                  20011656    00000016                 : uart.obj (.text.UARTIntDisable)
                  2001166c    00000014                 : cpu.obj (.text.CPUcpsid)
                  20011680    00000014                 : cpu.obj (.text.CPUcpsie)
                  20011694    00000014     nortos_cc32xx.a : HwiPCC32XX_nortos.c.obj (.text.HwiP_destruct)
                  200116a8    00000014     driverlib.a : i2c.obj (.text.I2CMasterIntEnableEx)
                  200116bc    00000014                 : interrupt.obj (.text.IntVTableBaseSet)
                  200116d0    00000014     drivers_cc32xx.a : PowerCC32XX.c.obj (.text.Power_disablePolicy)
                  200116e4    00000014                      : PowerCC32XX.c.obj (.text.Power_getTransitionLatency)
                  200116f8    00000014                      : PowerCC32XX.c.obj (.text.Power_idleFunc)
                  2001170c    00000014     driverlib.a : timer.obj (.text.TimerIntEnable)
                  20011720    00000014                 : uart.obj (.text.UARTDMAEnable)
                  20011734    00000014                 : uart.obj (.text.UARTIntEnable)
                  20011748    00000014     libclang_rt.builtins.a : aeabi_uldivmod.S.obj (.text.__aeabi_uldivmod)
                  2001175c    00000014     driverlib.a : udma.obj (.text.uDMAControlBaseSet)
                  20011770    00000014                 : udma.obj (.text.uDMAIntClear)
                  20011784    00000012     nortos_cc32xx.a : ClockPSysTick_nortos.c.obj (.text.ClockP_add)
                  20011796    00000012     driverlib.a : gpio.obj (.text.GPIOIntClear)
                  200117a8    00000012     nortos_cc32xx.a : HwiPCC32XX_nortos.c.obj (.text.HwiP_Params_init)
                  200117ba    00000012                     : HwiPCC32XX_nortos.c.obj (.text.HwiP_delete)
                  200117cc    00000012     driverlib.a : i2c.obj (.text.I2CMasterDisable)
                  200117de    00000012                 : i2c.obj (.text.I2CMasterEnable)
                  200117f0    00000012     drivers_cc32xx.a : I2C.c.obj (.text.I2C_transfer)
                  20011802    00000012     driverlib.a : systick.obj (.text.SysTickEnable)
                  20011814    00000012                 : systick.obj (.text.SysTickIntDisable)
                  20011826    00000012                 : systick.obj (.text.SysTickIntEnable)
                  20011838    00000012     drivers_cc32xx.a : UDMACC32XX.c.obj (.text.postNotifyFxn)
                  2001184a    00000012     libc.a : memcpy_t2.S.obj (.text:TI_memcpy_small)
                  2001185c    00000010     nortos_cc32xx.a : ClockPSysTick_nortos.c.obj (.text.ClockP_getCpuFreq)
                  2001186c    00000010                     : ClockPSysTick_nortos.c.obj (.text.ClockP_getSystemTicks)
                  2001187c    00000010                     : ClockPSysTick_nortos.c.obj (.text.ClockP_setTicks)
                  2001188c    00000010                     : HwiPCC32XX_nortos.c.obj (.text.HwiP_inISR)
                  2001189c    00000010     driverlib.a : i2c.obj (.text.I2CMasterControl)
                  200118ac    00000010                 : i2c.obj (.text.I2CMasterIntClearEx)
                  200118bc    00000010                 : i2c.obj (.text.I2CMasterTimeoutSet)
                  200118cc    00000010     drivers_cc32xx.a : PowerCC32XX.c.obj (.text.Power_enablePolicy)
                  200118dc    00000010                      : RingBuf.c.obj (.text.RingBuf_construct)
                  200118ec    00000010     driverlib.a : timer.obj (.text.TimerIntClear)
                  200118fc    00000010     drivers_cc32xx.a : Timer.c.obj (.text.Timer_Params_init)
                  2001190c    00000010                      : UART2CC32XX.c.obj (.text.UART2Support_txDone)
                  2001191c    00000010     driverlib.a : uart.obj (.text.UARTBusy)
                  2001192c    00000010                 : uart.obj (.text.UARTIntClear)
                  2001193c    00000010                 : uart.obj (.text.UARTRxErrorGet)
                  2001194c    00000010     main_nortos.o (.text.main)
                  2001195c    00000010     libc.a : wcslen.c.obj (.text.wcslen)
                  2001196c    00000010            : copy_zero_init.c.obj (.text:decompress:ZI)
                  2001197c    0000000e     nortos_cc32xx.a : HwiPCC32XX_nortos.c.obj (.text.HwiP_interruptsEnabled)
                  2001198a    0000000e     driverlib.a : i2c.obj (.text.I2CFIFOStatus)
                  20011998    0000000e     drivers_cc32xx.a : UART2.c.obj (.text.UART2_write)
                  200119a6    0000000e     libc.a : _printfi.c.obj (.text.strlen)
                  200119b4    0000000e     driverlib.a : udma.obj (.text.uDMAEnable)
                  200119c2    0000000e                 : udma.obj (.text.uDMAErrorStatusClear)
                  200119d0    0000000e     libc.a : memset_t2.S.obj (.text:TI_memset_small)
                  200119de    0000000e            : copy_decompress_none.c.obj (.text:decompress:none)
                  200119ec    0000000c     driverlib.a : cpu.obj (.text.CPUwfi)
                  200119f8    0000000c     drivers_cc32xx.a : I2CCC32XX.c.obj (.text.I2CCC32XX_postNotify)
                  20011a04    0000000c                      : I2C.c.obj (.text.I2C_Params_init)
                  20011a10    0000000c                      : I2CCC32XX.c.obj (.text.OUTLINED_FUNCTION_0)
                  20011a1c    0000000c                      : UART2CC32XX.c.obj (.text.OUTLINED_FUNCTION_0)
                  20011a28    0000000c     gpiointerrupt.o (.text.OUTLINED_FUNCTION_0)
                  20011a34    0000000c     driverlib.a : prcm.obj (.text.PRCMLPDSWakeupCauseGet)
                  20011a40    0000000c     drivers_cc32xx.a : PowerCC32XX.c.obj (.text.Power_getConstraintMask)
                  20011a4c    0000000c                      : UART2CC32XX.c.obj (.text.UART2CC32XX_postNotifyFxn)
                  20011a58    0000000c                      : UART2CC32XX.c.obj (.text.UART2Support_disableTx)
                  20011a64    0000000c                      : UART2CC32XX.c.obj (.text.UART2Support_enableTx)
                  20011a70    0000000c                      : UART2.c.obj (.text.UART2_Params_init)
                  20011a7c    0000000c     gpiointerrupt.o (.text.gpioDecreaseTemperatureCallback)
                  20011a88    0000000c     gpiointerrupt.o (.text.gpioIncreaseTemperatureCallback)
                  20011a94    0000000c     drivers_cc32xx.a : TimerCC32XX.c.obj (.text.postNotifyFxn)
                  20011aa0    0000000c     gpiointerrupt.o (.text.timerCallback)
                  20011aac    0000000c     driverlib.a : udma.obj (.text.uDMAErrorStatusGet)
                  20011ab8    0000000a                 : cpu.obj (.text.CPUprimask)
                  20011ac2    0000000a     nortos_cc32xx.a : ClockPSysTick_nortos.c.obj (.text.ClockP_isActive)
                  20011acc    0000000a     driverlib.a : interrupt.obj (.text.IntMasterDisable)
                  20011ad6    0000000a                 : interrupt.obj (.text.IntMasterEnable)
                  20011ae0    0000000a     drivers_cc32xx.a : UART2CC32XX.c.obj (.text.OUTLINED_FUNCTION_1)
                  20011aea    0000000a                      : UART2CC32XX.c.obj (.text.OUTLINED_FUNCTION_2)
                  20011af4    0000000a     libclang_rt.builtins.a : aeabi_memset.S.obj (.text.__aeabi_memset)
                  20011afe    0000000a     ti_drivers_config.o (.text.dmaErrorFxn)
                  20011b08    00000008     nortos_cc32xx.a : HwiPCC32XX_nortos.c.obj (.text.HwiP_restore)
                  20011b10    00000008     drivers_cc32xx.a : I2CCC32XX.c.obj (.text.I2CCC32XX_blockingCallback)
                  20011b18    00000008                      : I2CCC32XX.c.obj (.text.I2CSupport_controllerFinish)
                  20011b20    00000008     driverlib.a : prcm.obj (.text.PRCMSleepEnter)
                  20011b28    00000008                 : utils.obj (.text.UtilsDelay)
                  20011b30    00000008     libc.a : aeabi_portable.c.obj (.text.__aeabi_errno_addr)
                  20011b38    00000008     libclang_rt.builtins.a : aeabi_memset.S.obj (.text.__aeabi_memclr)
                  20011b40    00000008     libc.a : memory.c.obj (.text.malloc)
                  20011b48    00000006     drivers_cc32xx.a : I2CCC32XX.c.obj (.text.I2CSupport_powerRelConstraint)
                  20011b4e    00000006                      : I2CCC32XX.c.obj (.text.I2CSupport_powerSetConstraint)
                  20011b54    00000006                      : UART2CC32XX.c.obj (.text.UART2Support_powerRelConstraint)
                  20011b5a    00000004     nortos_cc32xx.a : ClockPSysTick_nortos.c.obj (.text.ClockP_doTick)
                  20011b5e    00000004                     : HwiPCC32XX_nortos.c.obj (.text.HwiP_clearInterrupt)
                  20011b62    00000004                     : HwiPCC32XX_nortos.c.obj (.text.HwiP_disableInterrupt)
                  20011b66    00000004                     : HwiPCC32XX_nortos.c.obj (.text.HwiP_enable)
                  20011b6a    00000004                     : HwiPCC32XX_nortos.c.obj (.text.HwiP_enableInterrupt)
                  20011b6e    00000004                     : HwiPCC32XX_nortos.c.obj (.text.HwiP_post)
                  20011b72    00000004     driverlib.a : interrupt.obj (.text.IntDefaultHandler)
                  20011b76    00000004     nortos_cc32xx.a : NoRTOS.c.obj (.text.NoRTOS_start)
                  20011b7a    00000004     drivers_cc32xx.a : RingBuf.c.obj (.text.RingBuf_getCount)
                  20011b7e    00000004     nortos_cc32xx.a : SemaphoreP_nortos.c.obj (.text.SemaphoreP_delete)
                  20011b82    00000002     --HOLE-- [fill = 0]
                  20011b84    00000004     libclang_rt.builtins.a : aeabi_memcpy.S.obj (.text.__aeabi_memcpy)
                  20011b88    00000004     libc.a : pre_init.c.obj (.text._system_pre_init)
                  20011b8c    00000004            : exit.c.obj (.text:abort)

.ramVecs   0    20000000    0000030c     NOLOAD SECTION
                  20000000    0000030c     nortos_cc32xx.a : startup_cc32xx_ticlang.c.obj (.ramVecs)

.stack     0    20003000    00001000     UNINITIALIZED
                  20003000    00000004     libc.a : boot_cortex_m.c.obj (.stack)
                  20003004    00000ffc     --HOLE--

.resetVecs 
*          0    20004000    00000040     
                  20004000    00000040     nortos_cc32xx.a : startup_cc32xx_ticlang.c.obj (.resetVecs)

.sysmem    0    20004040    00008000     UNINITIALIZED
                  20004040    00000010     libc.a : memory.c.obj (.sysmem)
                  20004050    00007ff0     --HOLE--

.bss       0    20011c00    00000a14     UNINITIALIZED
                  20011c00    00000400     ti_drivers_config.o (.bss.dmaControlTable)
                  20012000    00000178     (.common:uart2CC32XXObjects0)
                  20012178    0000012c     (.common:PowerCC32XX_contextSave)
                  200122a4    000000fc     (.common:i2cCC32XXObjects)
                  200123a0    00000084     (.common:gpioCallbackFunctions)
                  20012424    00000084     (.common:gpioUserArgs)
                  200124a8    00000084     (.common:timerCC32XXObjects)
                  2001252c    00000040     (.common:output)
                  2001256c    00000020     ti_drivers_config.o (.bss.uart2RxRingBuffer0)
                  2001258c    00000020     ti_drivers_config.o (.bss.uart2TxRingBuffer0)
                  200125ac    00000020     (.common:i2cTransaction)
                  200125cc    00000014     drivers_cc32xx.a : UDMACC32XX.c.obj (.bss.postNotifyObj)
                  200125e0    00000010     (.common:ClockP_ctrl)
                  200125f0    00000008     (.common:udmaCC3220SObject)
                  200125f8    00000004     nortos_cc32xx.a : ClockPSysTick_nortos.c.obj (.bss.sysTickPeriod)
                  200125fc    00000004     libc.a : memory.c.obj (.bss.sys_free)
                  20012600    00000004     drivers_cc32xx.a : TimerCC32XX.c.obj (.bss.timerState.0)
                  20012604    00000004     (.common:i2c)
                  20012608    00000004     (.common:timer0)
                  2001260c    00000004     (.common:uart)
                  20012610    00000002     (.common:rxBuffer)
                  20012612    00000001     (.common:BUTTON_STATE)
                  20012613    00000001     (.common:txBuffer)

.rodata    0    20012620    000006f5     
                  20012620    00000101     libc.a : aeabi_ctype.S.obj (.rodata:__aeabi_ctype_table_)
                  20012721    00000002     drivers_cc32xx.a : UART2CC32XX.c.obj (.rodata.stopBits)
                  20012723    00000001     ti_drivers_config.o (.rodata.GPIO_pinUpperBound)
                  20012724    00000100     driverlib.a : pin.obj (.rodata.g_ulPinToPadMap)
                  20012824    000000d4                 : interrupt.obj (.rodata.g_pulRegs)
                  200128f8    000000a8                 : prcm.obj (.rodata.PRCM_PeriphRegsList)
                  200129a0    00000048     gpiointerrupt.o (.rodata.str1.117259490511853709771)
                  200129e8    00000044     ti_drivers_config.o (.rodata.PowerCC32XX_config)
                  20012a2c    00000038     ti_drivers_config.o (.rodata.uart2CC32XXHWAttrs0)
                  20012a64    00000032     gpiointerrupt.o (.rodata.str1.59672170090002130734)
                  20012a96    00000001     ti_drivers_config.o (.rodata.I2C_count)
                  20012a97    00000001     ti_drivers_config.o (.rodata.Timer_count)
                  20012a98    00000030     gpiointerrupt.o (.rodata..L__const.mainThread.tasks)
                  20012ac8    00000028     drivers_cc32xx.a : GPIOCC32XX.c.obj (.rodata.portConfigs)
                  20012af0    00000028     gpiointerrupt.o (.rodata.str1.2552335557485402981)
                  20012b18    00000024     drivers_cc32xx.a : UART2.c.obj (.rodata.UART2_defaultParams)
                  20012b3c    00000021                      : GPIOCC32XX.c.obj (.rodata.pinTable)
                  20012b5d    00000021     gpiointerrupt.o (.rodata.str1.172639838942318644741)
                  20012b7e    00000001     ti_drivers_config.o (.rodata.UART2_count)
                  20012b7f    00000001     --HOLE-- [fill = 0]
                  20012b80    0000001b     gpiointerrupt.o (.rodata.str1.119337933097536889414)
                  20012b9b    00000001     --HOLE-- [fill = 0]
                  20012b9c    00000018     driverlib.a : interrupt.obj (.rodata.g_pulDisRegs)
                  20012bb4    00000018                 : interrupt.obj (.rodata.g_pulEnRegs)
                  20012bcc    00000018                 : interrupt.obj (.rodata.g_pulPendRegs)
                  20012be4    00000018                 : interrupt.obj (.rodata.g_pulUnpendRegs)
                  20012bfc    00000018     gpiointerrupt.o (.rodata.sensors)
                  20012c14    00000016     gpiointerrupt.o (.rodata.str1.88141095010518599421)
                  20012c2a    00000002     --HOLE-- [fill = 0]
                  20012c2c    00000014     ti_drivers_config.o (.rodata.i2cCC32XXHWAttrs)
                  20012c40    00000011     libc.a : _printfi.c.obj (.rodata.str1.11645776875810915891)
                  20012c51    00000011            : _printfi.c.obj (.rodata.str1.44690500295887128011)
                  20012c62    00000002     --HOLE-- [fill = 0]
                  20012c64    00000010     ti_drivers_config.o (.rodata.GPIO_config)
                  20012c74    00000010     drivers_cc32xx.a : I2CCC32XX.c.obj (.rodata.cst16)
                  20012c84    00000010     ti_drivers_config.o (.rodata.timerCC32XXHWAttrs)
                  20012c94    0000000d     gpiointerrupt.o (.rodata.str1.8099049698717124711)
                  20012ca1    00000003     --HOLE-- [fill = 0]
                  20012ca4    0000000c     drivers_cc32xx.a : Timer.c.obj (.rodata.defaultParams)
                  20012cb0    0000000c                      : TimerCC32XX.c.obj (.rodata.defaultParams)
                  20012cbc    0000000c     ti_drivers_config.o (.rodata.udmaCC3220SHWAttrs)
                  20012cc8    00000009     gpiointerrupt.o (.rodata.str1.149745159178111864794)
                  20012cd1    00000003     --HOLE-- [fill = 0]
                  20012cd4    00000009     gpiointerrupt.o (.rodata.str1.27667157146944505614)
                  20012cdd    00000003     --HOLE-- [fill = 0]
                  20012ce0    00000008     ti_drivers_config.o (.rodata.I2C_config)
                  20012ce8    00000008     ti_drivers_config.o (.rodata.Timer_config)
                  20012cf0    00000008     ti_drivers_config.o (.rodata.UART2_config)
                  20012cf8    00000008     ti_drivers_config.o (.rodata.UDMACC32XX_config)
                  20012d00    00000005     drivers_cc32xx.a : UART2CC32XX.c.obj (.rodata.parityType)
                  20012d05    00000004                      : UART2CC32XX.c.obj (.rodata.cst4)
                  20012d09    00000004     gpiointerrupt.o (.rodata.str1.48557138690711581961)
                  20012d0d    00000004     gpiointerrupt.o (.rodata.str1.75752999448730089091)
                  20012d11    00000004     gpiointerrupt.o (.rodata.str1.99899187528894583921)

.cinit     0    200133b0    000000f8     
                  200133b0    000000d3     (.cinit..data.load) [load image, compression = lzss]
                  20013483    00000001     --HOLE-- [fill = 0]
                  20013484    0000000c     (__TI_handler_table)
                  20013490    00000008     (.cinit..bss.load) [load image, compression = zero_init]
                  20013498    00000010     (__TI_cinit_table)

.init_array 
*          0    20004000    00000000     UNINITIALIZED

.data      0    20012d18    00000695     UNINITIALIZED
                  20012d18    0000030c     nortos_cc32xx.a : HwiPCC32XX_nortos.c.obj (.data.HwiP_dispatchTable)
                  20013024    0000016c     drivers_cc32xx.a : PowerCC32XX.c.obj (.data.PowerCC32XX_module)
                  20013190    000000f8     ti_drivers_config.o (.data.parkInfo)
                  20013288    00000084     ti_drivers_config.o (.data.gpioPinConfigs)
                  2001330c    0000004c     nortos_cc32xx.a : SwiP_nortos.c.obj (.data..L_MergedGlobals)
                  20013358    00000018     drivers_cc32xx.a : GPIOCC32XX.c.obj (.data..L_MergedGlobals)
                  20013370    00000010     nortos_cc32xx.a : SemaphoreP_nortos.c.obj (.data..L_MergedGlobals)
                  20013380    00000008     drivers_cc32xx.a : UDMACC32XX.c.obj (.data..L_MergedGlobals)
                  20013388    00000008     gpiointerrupt.o (.data..L_MergedGlobals)
                  20013390    00000008     nortos_cc32xx.a : ClockPSysTick_nortos.c.obj (.data..L_MergedGlobals)
                  20013398    00000004                     : HwiPCC32XX_nortos.c.obj (.data.HwiP_swiPIntNum)
                  2001339c    00000004     libc.a : aeabi_portable.c.obj (.data.__aeabi_errno)
                  200133a0    00000004            : _lock.c.obj (.data._lock)
                  200133a4    00000004            : _lock.c.obj (.data._unlock)
                  200133a8    00000001     gpiointerrupt.o (.data.TimerFlag)
                  200133a9    00000001     drivers_cc32xx.a : GPIOCC32XX.c.obj (.data.initCalled)
                  200133aa    00000001                      : GPIOCC32XX.c.obj (.data.portHwiCreatedBitMask)
                  200133ab    00000001     --HOLE--
                  200133ac    00000001     libc.a : memory.c.obj (.data.memory_is_initialized)

.log_data 
*          0    90000000    00000000     COPY SECTION

.log_ptr   0    94000008    00000000     COPY SECTION

__llvm_prf_cnts 
*          0    20004000    00000000     UNINITIALIZED

__llvm_prf_bits 
*          0    20004000    00000000     UNINITIALIZED

MODULE SUMMARY

       Module                         code    ro data   rw data
       ------                         ----    -------   -------
    .\
       gpiointerrupt.o                1088    359       121    
       main_nortos.o                  16      0         0      
    +--+------------------------------+-------+---------+---------+
       Total:                         1104    359       121    
                                                               
    .\syscfg\
       ti_drivers_config.o            34      224       2500   
    +--+------------------------------+-------+---------+---------+
       Total:                         34      224       2500   
                                                               
    C:/ti/simplelink_cc32xx_sdk_7_10_00_13/kernel/nortos/lib/ticlang/m4/nortos_cc32xx.a
       HwiPCC32XX_nortos.c.obj        308     0         784    
       startup_cc32xx_ticlang.c.obj   88      64        780    
       ClockPSysTick_nortos.c.obj     524     0         28     
       SemaphoreP_nortos.c.obj        392     0         16     
       PowerCC32XX_nortos.c.obj       404     0         0      
       SwiP_nortos.c.obj              84      0         76     
       NoRTOS.c.obj                   4       0         0      
    +--+------------------------------+-------+---------+---------+
       Total:                         1804    64        1684   
                                                               
    C:/ti/simplelink_cc32xx_sdk_7_10_00_13/source/ti/devices/cc32xx/driverlib/ticlang/Release/driverlib.a
       prcm.obj                       2564    168       0      
       interrupt.obj                  868     308       0      
       pin.obj                        750     256       0      
       udma.obj                       806     0         0      
       i2c.obj                        658     0         0      
       uart.obj                       490     0         0      
       gpio.obj                       388     0         0      
       timer.obj                      278     0         0      
       flash.obj                      92      0         0      
       systick.obj                    76      0         0      
       cpu.obj                        62      0         0      
       utils.obj                      8       0         0      
    +--+------------------------------+-------+---------+---------+
       Total:                         7040    732       0      
                                                               
    C:/ti/simplelink_cc32xx_sdk_7_10_00_13/source/ti/drivers/lib/ticlang/m4/drivers_cc32xx.a
       PowerCC32XX.c.obj              2052    0         664    
       UART2CC32XX.c.obj              2198    11        0      
       I2CCC32XX.c.obj                1242    16        0      
       GPIOCC32XX.c.obj               960     73        26     
       TimerCC32XX.c.obj              880     12        4      
       UART2.c.obj                    762     36        0      
       I2C.c.obj                      366     0         0      
       RingBuf.c.obj                  272     0         0      
       UDMACC32XX.c.obj               242     0         28     
       Timer.c.obj                    150     12        0      
       PowerCC32XX_ticlang.asm.obj    150     0         0      
       List.c.obj                     76      0         0      
       GPIO.c.obj                     28      0         0      
    +--+------------------------------+-------+---------+---------+
       Total:                         9378    160       722    
                                                               
    C:\ti\ccs1250\ccs\tools\compiler\ti-cgt-armllvm_3.2.0.LTS\lib\armv7em-ti-none-eabi/c/libc.a
       _printfi.c.obj                 2170    34        0      
       memory.c.obj                   712     0         5      
       aeabi_ctype.S.obj              0       257       0      
       snprintf.c.obj                 140     0         0      
       copy_decompress_lzss.c.obj     112     0         0      
       atoi.c.obj                     64      0         0      
       autoinit.c.obj                 56      0         0      
       boot_cortex_m.c.obj            36      0         0      
       memccpy.c.obj                  30      0         0      
       memcpy_t2.S.obj                18      0         0      
       copy_zero_init.c.obj           16      0         0      
       wcslen.c.obj                   16      0         0      
       copy_decompress_none.c.obj     14      0         0      
       memset_t2.S.obj                14      0         0      
       aeabi_portable.c.obj           8       0         4      
       _lock.c.obj                    2       0         8      
       exit.c.obj                     4       0         0      
       pre_init.c.obj                 4       0         0      
    +--+------------------------------+-------+---------+---------+
       Total:                         3416    291       17     
                                                               
    C:\ti\ccs1250\ccs\tools\compiler\ti-cgt-armllvm_3.2.0.LTS\lib\clang/15.0.7/lib/armv7em-ti-none-eabi/libclang_rt.builtins.a
       muldf3.S.obj                   252     0         0      
       udivmoddi4.S.obj               176     0         0      
       fixdfsi.S.obj                  72      0         0      
       floatsidf.S.obj                46      0         0      
       aeabi_uldivmod.S.obj           20      0         0      
       aeabi_memset.S.obj             18      0         0      
       aeabi_memcpy.S.obj             4       0         0      
       aeabi_div0.c.obj               2       0         0      
    +--+------------------------------+-------+---------+---------+
       Total:                         590     0         0      
                                                               
       Heap:                          0       0         32768  
       Stack:                         0       0         4096   
       Linker Generated:              0       247       0      
    +--+------------------------------+-------+---------+---------+
       Grand Total:                   23366   2077      41908  


LINKER GENERATED COPY TABLES

__TI_cinit_table @ 20013498 records: 2, size/record: 8, table size: 16
	.data: load addr=200133b0, load size=000000d3 bytes, run addr=20012d18, run size=00000695 bytes, compression=lzss
	.bss: load addr=20013490, load size=00000008 bytes, run addr=20011c00, run size=00000a14 bytes, compression=zero_init


LINKER GENERATED HANDLER TABLE

__TI_handler_table @ 20013484 records: 3, size/record: 4, table size: 12
	index: 0, handler: __TI_decompress_lzss
	index: 1, handler: __TI_decompress_none
	index: 2, handler: __TI_zero_init


GLOBAL SYMBOLS: SORTED ALPHABETICALLY BY Name 

address   name                             
-------   ----                             
20012612  BUTTON_STATE                     
2001157b  Board_init                       
2000d36b  Board_initHook                   
20011b8c  C$$EXIT                          
2001166d  CPUcpsid                         
20011681  CPUcpsie                         
20011ab9  CPUprimask                       
200119ed  CPUwfi                           
20011785  ClockP_add                       
200125e0  ClockP_ctrl                      
20010765  ClockP_destruct                  
20011b5b  ClockP_doTick                    
2001185d  ClockP_getCpuFreq                
2001186d  ClockP_getSystemTicks            
20010b31  ClockP_getTicksUntilInterrupt    
20011ac3  ClockP_isActive                  
2001187d  ClockP_setTicks                  
20010991  ClockP_start                     
2000fb59  ClockP_startup                   
200106b1  ClockP_stop                      
2001000d  ClockP_sysTickHandler            
20013394  ClockP_tickPeriod                
2000f931  FlashDisable                     
20010247  GPIODirModeSet                   
20011797  GPIOIntClear                     
2001147d  GPIOIntDisable                   
20011533  GPIOIntEnable                    
20010ce1  GPIOIntStatus                    
2000e9ed  GPIOIntTypeSet                   
20011199  GPIOPinWrite                     
20012c64  GPIO_config                      
2001028d  GPIO_disableInt                  
200102d1  GPIO_enableInt                   
2000fd09  GPIO_hwiIntFxn                   
2000ef79  GPIO_init                        
20012723  GPIO_pinUpperBound               
200113d5  GPIO_setCallback                 
2000dabd  GPIO_setConfig                   
2000fe49  GPIO_setInterruptConfig          
2000f871  GPIO_write                       
200117a9  HwiP_Params_init                 
20011b5f  HwiP_clearInterrupt              
2000f215  HwiP_construct                   
20010e1f  HwiP_create                      
200117bb  HwiP_delete                      
20011695  HwiP_destruct                    
2000ee49  HwiP_disable                     
20011b63  HwiP_disableInterrupt            
200113f1  HwiP_dispatch                    
20011b67  HwiP_enable                      
20011b6b  HwiP_enableInterrupt             
2001188d  HwiP_inISR                       
2001197d  HwiP_interruptsEnabled           
20011b6f  HwiP_post                        
20011b09  HwiP_restore                     
20013398  HwiP_swiPIntNum                  
20010b61  I2CFIFODataGetNonBlocking        
200109c5  I2CFIFODataPutNonBlocking        
2001198b  I2CFIFOStatus                    
20011591  I2CMasterBurstLengthSet          
20010ec7  I2CMasterBusBusy                 
2001189d  I2CMasterControl                 
200117cd  I2CMasterDisable                 
200117df  I2CMasterEnable                  
2000ed19  I2CMasterInitExpClk              
200118ad  I2CMasterIntClearEx              
200115a7  I2CMasterIntDisableEx            
200116a9  I2CMasterIntEnableEx             
20010dc7  I2CMasterIntStatusEx             
20010eef  I2CMasterSlaveAddrSet            
200118bd  I2CMasterTimeoutSet              
20011031  I2CRxFIFOConfigSet               
200115bd  I2CRxFIFOFlush                   
20011b19  I2CSupport_controllerFinish      
20011b49  I2CSupport_powerRelConstraint    
20011b4f  I2CSupport_powerSetConstraint    
2000f98d  I2CSupport_primeTransfer         
20010f17  I2CTxFIFOConfigSet               
200115d3  I2CTxFIFOFlush                   
20011a05  I2C_Params_init                  
20010f3f  I2C_cancel                       
20012ce0  I2C_config                       
20012a96  I2C_count                        
2000de5b  I2C_init                         
2000e395  I2C_open                         
200117f1  I2C_transfer                     
2000dd35  I2C_transferTimeout              
UNDEFED   ITM_flush                        
UNDEFED   ITM_restore                      
2000e631  IntDisable                       
2000e6f9  IntEnable                        
20011acd  IntMasterDisable                 
20011ad7  IntMasterEnable                  
2000f73d  IntPendClear                     
2000ea99  IntPendSet                       
2000fbb1  IntPrioritySet                   
20011221  IntRegister                      
20011055  IntUnregister                    
200116bd  IntVTableBaseSet                 
20011079  List_put                         
20010f67  List_remove                      
20011b77  NoRTOS_start                     
2000c8ad  PRCMCC3200MCUInit                
20011497  PRCMHIBRegRead                   
200114b1  PRCMHIBRegWrite                  
2000f289  PRCMHibernateWakeUpGPIOSelect    
2000f9e9  PRCMHibernateWakeupSourceDisable 
2000fd59  PRCMHibernateWakeupSourceEnable  
20010055  PRCMIntEnable                    
2000fc09  PRCMLPDSEnter                    
200101bb  PRCMLPDSEnterKeepDebugIf         
20010b91  PRCMLPDSIntervalSet              
2000fe95  PRCMLPDSRestoreInfoSet           
20010e49  PRCMLPDSWakeUpGPIOSelect         
20011a35  PRCMLPDSWakeupCauseGet           
200114cb  PRCMLPDSWakeupSourceDisable      
2001109d  PRCMLPDSWakeupSourceEnable       
20010e73  PRCMPeripheralClkDisable         
2000fafd  PRCMPeripheralClkEnable          
2000f669  PRCMPeripheralReset              
2001009d  PRCMPeripheralStatusGet          
20010f8f  PRCMSRAMRetentionEnable          
20011b21  PRCMSleepEnter                   
20010bc1  PRCMSlowClkCtrFastGet            
2000f009  PRCMSysResetCauseGet             
200100e5  PinConfigGet                     
2000eb3d  PinConfigSet                     
200109f9  PinDirModeGet                    
20010671  PinDirModeSet                    
200108ed  PinLock                          
2000f3e1  PinLockLevelSet                  
20010a2d  PinModeGet                       
20010469  PinModeSet                       
200114e5  PinToPadGet                      
20011241  PinTypeI2C                       
20011301  PinTypeUART                      
200111bb  PinUnlock                        
200129e8  PowerCC32XX_config               
2000f099  PowerCC32XX_configureWakeup      
20012178  PowerCC32XX_contextSave          
2000ee51  PowerCC32XX_enterLPDS            
20010fb9  PowerCC32XX_getParkState         
2000ec7b  PowerCC32XX_initPolicy           
20013024  PowerCC32XX_module               
20010a61  PowerCC32XX_parkPin              
20011261  PowerCC32XX_reset                
200110c1  PowerCC32XX_restoreParkState     
200110e5  PowerCC32XX_restoreParkedPin     
2000ee95  PowerCC32XX_resumeLPDS           
2000fc61  PowerCC32XX_setParkState         
2000d825  PowerCC32XX_sleepPolicy          
200116d1  Power_disablePolicy              
200118cd  Power_enablePolicy               
20011a41  Power_getConstraintMask          
200116e5  Power_getTransitionLatency       
200116f9  Power_idleFunc                   
2000f19d  Power_init                       
20011109  Power_registerNotify             
20010315  Power_releaseConstraint          
2000fcb5  Power_releaseDependency          
2001079d  Power_setConstraint              
2000f44d  Power_setDependency              
2000cd65  Power_sleep                      
20011281  Power_unregisterNotify           
200118dd  RingBuf_construct                
20010d0f  RingBuf_getConsume               
20011b7b  RingBuf_getCount                 
200111dd  RingBuf_getPointer               
20010201  RingBuf_put                      
200107d5  RingBuf_putAdvance               
20010d3d  RingBuf_putPointer               
2000fda9  SemaphoreP_construct             
200112a1  SemaphoreP_constructBinary       
2001154b  SemaphoreP_create                
200112c1  SemaphoreP_createBinary          
20013378  SemaphoreP_defaultParams         
20011b7f  SemaphoreP_delete                
2000f097  SemaphoreP_destruct              
2000edb1  SemaphoreP_pend                  
20010571  SemaphoreP_post                  
2001140d  SwiP_disable                     
2001080d  SwiP_restore                     
20011803  SysTickEnable                    
20011815  SysTickIntDisable                
20011827  SysTickIntEnable                 
200115e9  SysTickPeriodSet                 
2001184b  TI_memcpy_small                  
200119d1  TI_memset_small                  
2000fa45  TimerCC32XX_allocateTimerResource
20010a95  TimerCC32XX_freeTimerResource    
200104ab  TimerControlStall                
200112e1  TimerDisable                     
200114ff  TimerEnable                      
200133a8  TimerFlag                        
200118ed  TimerIntClear                    
200115ff  TimerIntDisable                  
2001170d  TimerIntEnable                   
20010bf1  TimerLoadSet                     
20010c21  TimerPrescaleSet                 
20010fe1  TimerSupport_timerDisable        
20010729  TimerSupport_timerEnable         
200118fd  Timer_Params_init                
200104ed  Timer_close                      
20012ce8  Timer_config                     
20012a97  Timer_count                      
2000f19b  Timer_init                       
2000d975  Timer_open                       
20010359  Timer_start                      
200105b1  Timer_stop                       
2001112d  UART2Support_disableRx           
20011a59  UART2Support_disableTx           
2000e565  UART2Support_dmaStartRx          
2000e885  UART2Support_dmaStartTx          
2000ff2d  UART2Support_dmaStopRx           
2000f8d1  UART2Support_dmaStopTx           
20011a65  UART2Support_enableTx            
20011b55  UART2Support_powerRelConstraint  
200111ff  UART2Support_sendData            
2001190d  UART2Support_txDone              
20011a71  UART2_Params_init                
2000e47d  UART2_close                      
20012cf0  UART2_config                     
20012b7e  UART2_count                      
20012b18  UART2_defaultParams              
2000d36d  UART2_open                       
20010ac9  UART2_rxDisable                  
20011999  UART2_write                      
2001131f  UART2_writeTimeout               
2000d6b1  UART2_writeTimeoutBlocking       
2000df7d  UART2_writeTimeoutNonblocking    
2001191d  UARTBusy                         
20010959  UARTCharPutNonBlocking           
20011615  UARTCharsAvail                   
2000f2fd  UARTConfigSetExpClk              
2001162b  UARTDMADisable                   
20011721  UARTDMAEnable                    
20010d6b  UARTDisable                      
2001133d  UARTEnable                       
20011641  UARTFIFOLevelSet                 
20011519  UARTFlowControlSet               
2001192d  UARTIntClear                     
20011657  UARTIntDisable                   
20011735  UARTIntEnable                    
20010e9d  UARTIntStatus                    
2001193d  UARTRxErrorGet                   
20010845  UDMACC32XX_close                 
20012cf8  UDMACC32XX_config                
200106ed  UDMACC32XX_init                  
2000f4b9  UDMACC32XX_open                  
20011b29  UtilsDelay                       
20004000  __STACK_END                      
00001000  __STACK_SIZE                     
00008000  __SYSMEM_SIZE                    
00000000  __TI_ATRegion0_region_sz         
00000000  __TI_ATRegion0_src_addr          
00000000  __TI_ATRegion0_trg_addr          
00000000  __TI_ATRegion1_region_sz         
00000000  __TI_ATRegion1_src_addr          
00000000  __TI_ATRegion1_trg_addr          
00000000  __TI_ATRegion2_region_sz         
00000000  __TI_ATRegion2_src_addr          
00000000  __TI_ATRegion2_trg_addr          
20013498  __TI_CINIT_Base                  
200134a8  __TI_CINIT_Limit                 
200134a8  __TI_CINIT_Warm                  
20013484  __TI_Handler_Table_Base          
20013490  __TI_Handler_Table_Limit         
200108b5  __TI_auto_init_nobinit_nopinit   
2000f371  __TI_decompress_lzss             
200119df  __TI_decompress_none             
ffffffff  __TI_pprof_out_hndl              
2000c041  __TI_printfi_nofloat             
ffffffff  __TI_prof_data_size              
ffffffff  __TI_prof_data_start             
200133b0  __TI_static_base__               
2001196d  __TI_zero_init                   
20012620  __aeabi_ctype_table_             
20012620  __aeabi_ctype_table_C            
2001012d  __aeabi_d2iz                     
2000e1a9  __aeabi_dmul                     
2001339c  __aeabi_errno                    
20011b31  __aeabi_errno_addr               
20010d99  __aeabi_i2d                      
2000f80b  __aeabi_ldiv0                    
20011b39  __aeabi_memclr                   
20011b39  __aeabi_memclr4                  
20011b39  __aeabi_memclr8                  
20011b85  __aeabi_memcpy                   
20011b85  __aeabi_memcpy4                  
20011b85  __aeabi_memcpy8                  
20011af5  __aeabi_memset                   
20011af5  __aeabi_memset4                  
20011af5  __aeabi_memset8                  
20011749  __aeabi_uldivmod                 
ffffffff  __binit__                        
2001012d  __fixdfsi                        
20010d99  __floatsidf                      
UNDEFED   __mpu_init                       
2000e1a9  __muldf3                         
20003000  __stack                          
20004000  __start___llvm_prf_bits          
20004000  __start___llvm_prf_cnts          
20004000  __stop___llvm_prf_bits           
20004000  __stop___llvm_prf_cnts           
2000e93d  __udivmoddi4                     
20011175  _c_int00_noargs                  
200133a0  _lock                            
2000fb57  _nop                             
20004040  _sys_memory                      
UNDEFED   _system_post_cinit               
20011b89  _system_pre_init                 
200133a4  _unlock                          
20011b8d  abort                            
2001087d  adjustSetPointTemperature        
2000de5d  aligned_alloc                    
20013388  ambientTemperature               
200105f1  atoi                             
ffffffff  binit                            
2000fe47  clkFxn                           
2000e2a5  free                             
20011151  getAmbientTemperature            
200123a0  gpioCallbackFunctions            
20011a7d  gpioDecreaseTemperatureCallback  
20011a89  gpioIncreaseTemperatureCallback  
20013288  gpioPinConfigs                   
20012424  gpioUserArgs                     
20012604  i2c                              
20012c2c  i2cCC32XXHWAttrs                 
200122a4  i2cCC32XXObjects                 
200125ac  i2cTransaction                   
2000faa1  initGPIO                         
2000d539  initI2C                          
200103e1  initTimer                        
20010c81  initUART                         
20010afd  initVectors                      
2001194d  main                             
2000f80d  mainThread                       
20011b41  malloc                           
2000de5d  memalign                         
2001135b  memccpy                          
2001252c  output                           
20013190  parkInfo                         
2000ec7d  readTemp                         
20011461  resetISR                         
20012610  rxBuffer                         
2001338c  seconds                          
2000f591  setHeatMode                      
2001338a  setPoint                         
20010425  snprintf                         
20012608  timer0                           
20012c84  timerCC32XXHWAttrs               
200124a8  timerCC32XXObjects               
20011aa1  timerCallback                    
20012613  txBuffer                         
2000fdf9  uDMAChannelAssign                
2000eee7  uDMAChannelAttributeDisable      
20010631  uDMAChannelControlSet            
20011379  uDMAChannelDisable               
20011397  uDMAChannelEnable                
200113b5  uDMAChannelIsEnabled             
2000ffc1  uDMAChannelSizeGet               
2000e097  uDMAChannelTransferSet           
2001175d  uDMAControlBaseSet               
200119b5  uDMAEnable                       
200119c3  uDMAErrorStatusClear             
20011aad  uDMAErrorStatusGet               
20011771  uDMAIntClear                     
2001260c  uart                             
20012000  uart2CC32XXObjects0              
20012cbc  udmaCC3220SHWAttrs               
200125f0  udmaCC3220SObject                
2001195d  wcslen                           


GLOBAL SYMBOLS: SORTED BY Symbol Address 

address   name                             
-------   ----                             
00000000  __TI_ATRegion0_region_sz         
00000000  __TI_ATRegion0_src_addr          
00000000  __TI_ATRegion0_trg_addr          
00000000  __TI_ATRegion1_region_sz         
00000000  __TI_ATRegion1_src_addr          
00000000  __TI_ATRegion1_trg_addr          
00000000  __TI_ATRegion2_region_sz         
00000000  __TI_ATRegion2_src_addr          
00000000  __TI_ATRegion2_trg_addr          
00001000  __STACK_SIZE                     
00008000  __SYSMEM_SIZE                    
20003000  __stack                          
20004000  __STACK_END                      
20004000  __start___llvm_prf_bits          
20004000  __start___llvm_prf_cnts          
20004000  __stop___llvm_prf_bits           
20004000  __stop___llvm_prf_cnts           
20004040  _sys_memory                      
2000c041  __TI_printfi_nofloat             
2000c8ad  PRCMCC3200MCUInit                
2000cd65  Power_sleep                      
2000d36b  Board_initHook                   
2000d36d  UART2_open                       
2000d539  initI2C                          
2000d6b1  UART2_writeTimeoutBlocking       
2000d825  PowerCC32XX_sleepPolicy          
2000d975  Timer_open                       
2000dabd  GPIO_setConfig                   
2000dd35  I2C_transferTimeout              
2000de5b  I2C_init                         
2000de5d  aligned_alloc                    
2000de5d  memalign                         
2000df7d  UART2_writeTimeoutNonblocking    
2000e097  uDMAChannelTransferSet           
2000e1a9  __aeabi_dmul                     
2000e1a9  __muldf3                         
2000e2a5  free                             
2000e395  I2C_open                         
2000e47d  UART2_close                      
2000e565  UART2Support_dmaStartRx          
2000e631  IntDisable                       
2000e6f9  IntEnable                        
2000e885  UART2Support_dmaStartTx          
2000e93d  __udivmoddi4                     
2000e9ed  GPIOIntTypeSet                   
2000ea99  IntPendSet                       
2000eb3d  PinConfigSet                     
2000ec7b  PowerCC32XX_initPolicy           
2000ec7d  readTemp                         
2000ed19  I2CMasterInitExpClk              
2000edb1  SemaphoreP_pend                  
2000ee49  HwiP_disable                     
2000ee51  PowerCC32XX_enterLPDS            
2000ee95  PowerCC32XX_resumeLPDS           
2000eee7  uDMAChannelAttributeDisable      
2000ef79  GPIO_init                        
2000f009  PRCMSysResetCauseGet             
2000f097  SemaphoreP_destruct              
2000f099  PowerCC32XX_configureWakeup      
2000f19b  Timer_init                       
2000f19d  Power_init                       
2000f215  HwiP_construct                   
2000f289  PRCMHibernateWakeUpGPIOSelect    
2000f2fd  UARTConfigSetExpClk              
2000f371  __TI_decompress_lzss             
2000f3e1  PinLockLevelSet                  
2000f44d  Power_setDependency              
2000f4b9  UDMACC32XX_open                  
2000f591  setHeatMode                      
2000f669  PRCMPeripheralReset              
2000f73d  IntPendClear                     
2000f80b  __aeabi_ldiv0                    
2000f80d  mainThread                       
2000f871  GPIO_write                       
2000f8d1  UART2Support_dmaStopTx           
2000f931  FlashDisable                     
2000f98d  I2CSupport_primeTransfer         
2000f9e9  PRCMHibernateWakeupSourceDisable 
2000fa45  TimerCC32XX_allocateTimerResource
2000faa1  initGPIO                         
2000fafd  PRCMPeripheralClkEnable          
2000fb57  _nop                             
2000fb59  ClockP_startup                   
2000fbb1  IntPrioritySet                   
2000fc09  PRCMLPDSEnter                    
2000fc61  PowerCC32XX_setParkState         
2000fcb5  Power_releaseDependency          
2000fd09  GPIO_hwiIntFxn                   
2000fd59  PRCMHibernateWakeupSourceEnable  
2000fda9  SemaphoreP_construct             
2000fdf9  uDMAChannelAssign                
2000fe47  clkFxn                           
2000fe49  GPIO_setInterruptConfig          
2000fe95  PRCMLPDSRestoreInfoSet           
2000ff2d  UART2Support_dmaStopRx           
2000ffc1  uDMAChannelSizeGet               
2001000d  ClockP_sysTickHandler            
20010055  PRCMIntEnable                    
2001009d  PRCMPeripheralStatusGet          
200100e5  PinConfigGet                     
2001012d  __aeabi_d2iz                     
2001012d  __fixdfsi                        
200101bb  PRCMLPDSEnterKeepDebugIf         
20010201  RingBuf_put                      
20010247  GPIODirModeSet                   
2001028d  GPIO_disableInt                  
200102d1  GPIO_enableInt                   
20010315  Power_releaseConstraint          
20010359  Timer_start                      
200103e1  initTimer                        
20010425  snprintf                         
20010469  PinModeSet                       
200104ab  TimerControlStall                
200104ed  Timer_close                      
20010571  SemaphoreP_post                  
200105b1  Timer_stop                       
200105f1  atoi                             
20010631  uDMAChannelControlSet            
20010671  PinDirModeSet                    
200106b1  ClockP_stop                      
200106ed  UDMACC32XX_init                  
20010729  TimerSupport_timerEnable         
20010765  ClockP_destruct                  
2001079d  Power_setConstraint              
200107d5  RingBuf_putAdvance               
2001080d  SwiP_restore                     
20010845  UDMACC32XX_close                 
2001087d  adjustSetPointTemperature        
200108b5  __TI_auto_init_nobinit_nopinit   
200108ed  PinLock                          
20010959  UARTCharPutNonBlocking           
20010991  ClockP_start                     
200109c5  I2CFIFODataPutNonBlocking        
200109f9  PinDirModeGet                    
20010a2d  PinModeGet                       
20010a61  PowerCC32XX_parkPin              
20010a95  TimerCC32XX_freeTimerResource    
20010ac9  UART2_rxDisable                  
20010afd  initVectors                      
20010b31  ClockP_getTicksUntilInterrupt    
20010b61  I2CFIFODataGetNonBlocking        
20010b91  PRCMLPDSIntervalSet              
20010bc1  PRCMSlowClkCtrFastGet            
20010bf1  TimerLoadSet                     
20010c21  TimerPrescaleSet                 
20010c81  initUART                         
20010ce1  GPIOIntStatus                    
20010d0f  RingBuf_getConsume               
20010d3d  RingBuf_putPointer               
20010d6b  UARTDisable                      
20010d99  __aeabi_i2d                      
20010d99  __floatsidf                      
20010dc7  I2CMasterIntStatusEx             
20010e1f  HwiP_create                      
20010e49  PRCMLPDSWakeUpGPIOSelect         
20010e73  PRCMPeripheralClkDisable         
20010e9d  UARTIntStatus                    
20010ec7  I2CMasterBusBusy                 
20010eef  I2CMasterSlaveAddrSet            
20010f17  I2CTxFIFOConfigSet               
20010f3f  I2C_cancel                       
20010f67  List_remove                      
20010f8f  PRCMSRAMRetentionEnable          
20010fb9  PowerCC32XX_getParkState         
20010fe1  TimerSupport_timerDisable        
20011031  I2CRxFIFOConfigSet               
20011055  IntUnregister                    
20011079  List_put                         
2001109d  PRCMLPDSWakeupSourceEnable       
200110c1  PowerCC32XX_restoreParkState     
200110e5  PowerCC32XX_restoreParkedPin     
20011109  Power_registerNotify             
2001112d  UART2Support_disableRx           
20011151  getAmbientTemperature            
20011175  _c_int00_noargs                  
20011199  GPIOPinWrite                     
200111bb  PinUnlock                        
200111dd  RingBuf_getPointer               
200111ff  UART2Support_sendData            
20011221  IntRegister                      
20011241  PinTypeI2C                       
20011261  PowerCC32XX_reset                
20011281  Power_unregisterNotify           
200112a1  SemaphoreP_constructBinary       
200112c1  SemaphoreP_createBinary          
200112e1  TimerDisable                     
20011301  PinTypeUART                      
2001131f  UART2_writeTimeout               
2001133d  UARTEnable                       
2001135b  memccpy                          
20011379  uDMAChannelDisable               
20011397  uDMAChannelEnable                
200113b5  uDMAChannelIsEnabled             
200113d5  GPIO_setCallback                 
200113f1  HwiP_dispatch                    
2001140d  SwiP_disable                     
20011461  resetISR                         
2001147d  GPIOIntDisable                   
20011497  PRCMHIBRegRead                   
200114b1  PRCMHIBRegWrite                  
200114cb  PRCMLPDSWakeupSourceDisable      
200114e5  PinToPadGet                      
200114ff  TimerEnable                      
20011519  UARTFlowControlSet               
20011533  GPIOIntEnable                    
2001154b  SemaphoreP_create                
2001157b  Board_init                       
20011591  I2CMasterBurstLengthSet          
200115a7  I2CMasterIntDisableEx            
200115bd  I2CRxFIFOFlush                   
200115d3  I2CTxFIFOFlush                   
200115e9  SysTickPeriodSet                 
200115ff  TimerIntDisable                  
20011615  UARTCharsAvail                   
2001162b  UARTDMADisable                   
20011641  UARTFIFOLevelSet                 
20011657  UARTIntDisable                   
2001166d  CPUcpsid                         
20011681  CPUcpsie                         
20011695  HwiP_destruct                    
200116a9  I2CMasterIntEnableEx             
200116bd  IntVTableBaseSet                 
200116d1  Power_disablePolicy              
200116e5  Power_getTransitionLatency       
200116f9  Power_idleFunc                   
2001170d  TimerIntEnable                   
20011721  UARTDMAEnable                    
20011735  UARTIntEnable                    
20011749  __aeabi_uldivmod                 
2001175d  uDMAControlBaseSet               
20011771  uDMAIntClear                     
20011785  ClockP_add                       
20011797  GPIOIntClear                     
200117a9  HwiP_Params_init                 
200117bb  HwiP_delete                      
200117cd  I2CMasterDisable                 
200117df  I2CMasterEnable                  
200117f1  I2C_transfer                     
20011803  SysTickEnable                    
20011815  SysTickIntDisable                
20011827  SysTickIntEnable                 
2001184b  TI_memcpy_small                  
2001185d  ClockP_getCpuFreq                
2001186d  ClockP_getSystemTicks            
2001187d  ClockP_setTicks                  
2001188d  HwiP_inISR                       
2001189d  I2CMasterControl                 
200118ad  I2CMasterIntClearEx              
200118bd  I2CMasterTimeoutSet              
200118cd  Power_enablePolicy               
200118dd  RingBuf_construct                
200118ed  TimerIntClear                    
200118fd  Timer_Params_init                
2001190d  UART2Support_txDone              
2001191d  UARTBusy                         
2001192d  UARTIntClear                     
2001193d  UARTRxErrorGet                   
2001194d  main                             
2001195d  wcslen                           
2001196d  __TI_zero_init                   
2001197d  HwiP_interruptsEnabled           
2001198b  I2CFIFOStatus                    
20011999  UART2_write                      
200119b5  uDMAEnable                       
200119c3  uDMAErrorStatusClear             
200119d1  TI_memset_small                  
200119df  __TI_decompress_none             
200119ed  CPUwfi                           
20011a05  I2C_Params_init                  
20011a35  PRCMLPDSWakeupCauseGet           
20011a41  Power_getConstraintMask          
20011a59  UART2Support_disableTx           
20011a65  UART2Support_enableTx            
20011a71  UART2_Params_init                
20011a7d  gpioDecreaseTemperatureCallback  
20011a89  gpioIncreaseTemperatureCallback  
20011aa1  timerCallback                    
20011aad  uDMAErrorStatusGet               
20011ab9  CPUprimask                       
20011ac3  ClockP_isActive                  
20011acd  IntMasterDisable                 
20011ad7  IntMasterEnable                  
20011af5  __aeabi_memset                   
20011af5  __aeabi_memset4                  
20011af5  __aeabi_memset8                  
20011b09  HwiP_restore                     
20011b19  I2CSupport_controllerFinish      
20011b21  PRCMSleepEnter                   
20011b29  UtilsDelay                       
20011b31  __aeabi_errno_addr               
20011b39  __aeabi_memclr                   
20011b39  __aeabi_memclr4                  
20011b39  __aeabi_memclr8                  
20011b41  malloc                           
20011b49  I2CSupport_powerRelConstraint    
20011b4f  I2CSupport_powerSetConstraint    
20011b55  UART2Support_powerRelConstraint  
20011b5b  ClockP_doTick                    
20011b5f  HwiP_clearInterrupt              
20011b63  HwiP_disableInterrupt            
20011b67  HwiP_enable                      
20011b6b  HwiP_enableInterrupt             
20011b6f  HwiP_post                        
20011b77  NoRTOS_start                     
20011b7b  RingBuf_getCount                 
20011b7f  SemaphoreP_delete                
20011b85  __aeabi_memcpy                   
20011b85  __aeabi_memcpy4                  
20011b85  __aeabi_memcpy8                  
20011b89  _system_pre_init                 
20011b8c  C$$EXIT                          
20011b8d  abort                            
20012000  uart2CC32XXObjects0              
20012178  PowerCC32XX_contextSave          
200122a4  i2cCC32XXObjects                 
200123a0  gpioCallbackFunctions            
20012424  gpioUserArgs                     
200124a8  timerCC32XXObjects               
2001252c  output                           
200125ac  i2cTransaction                   
200125e0  ClockP_ctrl                      
200125f0  udmaCC3220SObject                
20012604  i2c                              
20012608  timer0                           
2001260c  uart                             
20012610  rxBuffer                         
20012612  BUTTON_STATE                     
20012613  txBuffer                         
20012620  __aeabi_ctype_table_             
20012620  __aeabi_ctype_table_C            
20012723  GPIO_pinUpperBound               
200129e8  PowerCC32XX_config               
20012a96  I2C_count                        
20012a97  Timer_count                      
20012b18  UART2_defaultParams              
20012b7e  UART2_count                      
20012c2c  i2cCC32XXHWAttrs                 
20012c64  GPIO_config                      
20012c84  timerCC32XXHWAttrs               
20012cbc  udmaCC3220SHWAttrs               
20012ce0  I2C_config                       
20012ce8  Timer_config                     
20012cf0  UART2_config                     
20012cf8  UDMACC32XX_config                
20013024  PowerCC32XX_module               
20013190  parkInfo                         
20013288  gpioPinConfigs                   
20013378  SemaphoreP_defaultParams         
20013388  ambientTemperature               
2001338a  setPoint                         
2001338c  seconds                          
20013394  ClockP_tickPeriod                
20013398  HwiP_swiPIntNum                  
2001339c  __aeabi_errno                    
200133a0  _lock                            
200133a4  _unlock                          
200133a8  TimerFlag                        
200133b0  __TI_static_base__               
20013484  __TI_Handler_Table_Base          
20013490  __TI_Handler_Table_Limit         
20013498  __TI_CINIT_Base                  
200134a8  __TI_CINIT_Limit                 
200134a8  __TI_CINIT_Warm                  
ffffffff  __TI_pprof_out_hndl              
ffffffff  __TI_prof_data_size              
ffffffff  __TI_prof_data_start             
ffffffff  __binit__                        
ffffffff  binit                            
UNDEFED   ITM_flush                        
UNDEFED   ITM_restore                      
UNDEFED   __mpu_init                       
UNDEFED   _system_post_cinit               

[372 symbols]
